Component: ARM Compiler 6.12 Tool: armlink [5d624300]

==============================================================================

Section Cross References

    main.o(.text.SystemClock_Config) refers to rt_memclr_w.o(.text) for __aeabi_memclr4
    main.o(.text.SystemClock_Config) refers to stm32f4xx_hal_rcc.o(.text.HAL_RCC_OscConfig) for HAL_RCC_OscConfig
    main.o(.text.SystemClock_Config) refers to stm32f4xx_hal_rcc.o(.text.HAL_RCC_ClockConfig) for HAL_RCC_ClockConfig
    main.o(.text.SystemClock_Config) refers to stm32f4xx_hal_rcc.o(.text.HAL_RCC_EnableCSS) for HAL_RCC_EnableCSS
    main.o(.ARM.exidx.text.SystemClock_Config) refers to main.o(.text.SystemClock_Config) for [Anonymous Symbol]
    main.o(.text.Task) refers to stm32f4xx_hal_gpio.o(.text.HAL_GPIO_WritePin) for HAL_GPIO_WritePin
    main.o(.text.Task) refers to tasks.o(.text.vTaskDelay) for vTaskDelay
    main.o(.ARM.exidx.text.Task) refers to main.o(.text.Task) for [Anonymous Symbol]
    main.o(.text.OV2640_FrameReady) refers to stm32f4xx_hal_gpio.o(.text.HAL_GPIO_WritePin) for HAL_GPIO_WritePin
    main.o(.text.OV2640_FrameReady) refers to imageprocess.o(.text.RGB_to_gray) for RGB_to_gray
    main.o(.text.OV2640_FrameReady) refers to imageprocess.o(.text.find_circle) for find_circle
    main.o(.text.OV2640_FrameReady) refers to lcd.o(.text.LCD_Set_Window) for LCD_Set_Window
    main.o(.text.OV2640_FrameReady) refers to lcd.o(.text.LCD_WriteRAM_Prepare) for LCD_WriteRAM_Prepare
    main.o(.text.OV2640_FrameReady) refers to imageprocess.o(.ARM.__at_0x10000000) for GrayImage
    main.o(.text.OV2640_FrameReady) refers to lcd.o(.data.LCD) for LCD
    main.o(.text.OV2640_FrameReady) refers to imageprocess.o(.text.Gray8toGary16) for Gray8toGary16
    main.o(.text.OV2640_FrameReady) refers to lcd.o(.bss.POINT_COLOR) for POINT_COLOR
    main.o(.text.OV2640_FrameReady) refers to lcd.o(.text.LCD_DrawLine) for LCD_DrawLine
    main.o(.text.OV2640_FrameReady) refers to lcd.o(.text.LCD_Fast_DrawPoint) for LCD_Fast_DrawPoint
    main.o(.text.OV2640_FrameReady) refers to lcd.o(.text.LCD_Fill) for LCD_Fill
    main.o(.ARM.exidx.text.OV2640_FrameReady) refers to main.o(.text.OV2640_FrameReady) for [Anonymous Symbol]
    main.o(.text.main) refers to stm32f4xx_hal.o(.text.HAL_Init) for HAL_Init
    main.o(.text.main) refers to main.o(.text.SystemClock_Config) for SystemClock_Config
    main.o(.text.main) refers to lcd.o(.text.LCD_Init) for LCD_Init
    main.o(.text.main) refers to ov2640.o(.text.OV2640_Init) for OV2640_Init
    main.o(.text.main) refers to lcd.o(.text.LCD_Display_Dir) for LCD_Display_Dir
    main.o(.text.main) refers to lcd.o(.text.LCD_Scan_Dir) for LCD_Scan_Dir
    main.o(.text.main) refers to ov2640.o(.text.OV2640_LED) for OV2640_LED
    main.o(.text.main) refers to ov2640.o(.text.OV2640_RGB565_Mode) for OV2640_RGB565_Mode
    main.o(.text.main) refers to ov2640.o(.text.OV2640_ImageSize_Set) for OV2640_ImageSize_Set
    main.o(.text.main) refers to ov2640.o(.text.OV2640_ImageWin_Set) for OV2640_ImageWin_Set
    main.o(.text.main) refers to ov2640.o(.text.OV2640_OutSize_Set) for OV2640_OutSize_Set
    main.o(.text.main) refers to ov2640.o(.text.OV2640_DMAOutput) for OV2640_DMAOutput
    main.o(.text.main) refers to imageprocess.o(.ARM.__at_0x20000000) for RGBYUVImage
    main.o(.text.main) refers to ov2640.o(.text.OV2640_OutStart) for OV2640_OutStart
    main.o(.text.main) refers to stm32f4xx_hal_gpio.o(.text.HAL_GPIO_Init) for HAL_GPIO_Init
    main.o(.ARM.exidx.text.main) refers to main.o(.text.main) for [Anonymous Symbol]
    irqhandler.o(.text.TIM8_UP_TIM13_IRQHandler) refers to timebase.o(.bss.htim8) for htim8
    irqhandler.o(.text.TIM8_UP_TIM13_IRQHandler) refers to stm32f4xx_hal_tim.o(.text.HAL_TIM_IRQHandler) for HAL_TIM_IRQHandler
    irqhandler.o(.ARM.exidx.text.TIM8_UP_TIM13_IRQHandler) refers to irqhandler.o(.text.TIM8_UP_TIM13_IRQHandler) for [Anonymous Symbol]
    irqhandler.o(.text.DCMI_IRQHandler) refers to ov2640.o(.bss.hdcmi) for hdcmi
    irqhandler.o(.text.DCMI_IRQHandler) refers to ov2640.o(.text.HAL_DCMI_FrameEventCallback) for HAL_DCMI_FrameEventCallback
    irqhandler.o(.ARM.exidx.text.DCMI_IRQHandler) refers to irqhandler.o(.text.DCMI_IRQHandler) for [Anonymous Symbol]
    timebase.o(.text.HAL_InitTick) refers to stm32f4xx_hal_cortex.o(.text.HAL_NVIC_EnableIRQ) for HAL_NVIC_EnableIRQ
    timebase.o(.text.HAL_InitTick) refers to stm32f4xx_hal_rcc.o(.text.HAL_RCC_GetClockConfig) for HAL_RCC_GetClockConfig
    timebase.o(.text.HAL_InitTick) refers to stm32f4xx_hal_rcc.o(.text.HAL_RCC_GetPCLK2Freq) for HAL_RCC_GetPCLK2Freq
    timebase.o(.text.HAL_InitTick) refers to timebase.o(.bss.htim8) for htim8
    timebase.o(.text.HAL_InitTick) refers to stm32f4xx_hal_tim.o(.text.HAL_TIM_Base_Init) for HAL_TIM_Base_Init
    timebase.o(.text.HAL_InitTick) refers to stm32f4xx_hal_tim.o(.text.HAL_TIM_Base_Start_IT) for HAL_TIM_Base_Start_IT
[...]
    .ARM.Collect$$rtentry$$0000000D          0x0800023a   Section        8  __rtentry2.o(.ARM.Collect$$rtentry$$0000000D)
    .ARM.Collect$$rtexit$$00000000           0x08000242   Section        2  rtexit.o(.ARM.Collect$$rtexit$$00000000)
    .ARM.Collect$$rtexit$$00000002           0x08000244   Section        0  rtexit2.o(.ARM.Collect$$rtexit$$00000002)
    .ARM.Collect$$rtexit$$00000003           0x08000244   Section        4  rtexit2.o(.ARM.Collect$$rtexit$$00000003)
    .ARM.Collect$$rtexit$$00000004           0x08000248   Section        6  rtexit2.o(.ARM.Collect$$rtexit$$00000004)
    $v0                                      0x08000250   Number         0  startup_stm32f407xx.o(.text)
    .text                                    0x08000250   Section       64  startup_stm32f407xx.o(.text)
    .text                                    0x08000290   Section      238  lludivv7m.o(.text)
    .text                                    0x0800037e   Section      138  rt_memcpy_v6.o(.text)
    .text                                    0x08000408   Section       78  rt_memclr_w.o(.text)
    .text                                    0x08000456   Section        0  heapauxi.o(.text)
    .text                                    0x0800045c   Section      100  rt_memcpy_w.o(.text)
    .text                                    0x080004c0   Section       74  sys_stackheap_outer.o(.text)
    .text                                    0x0800050a   Section        0  exit.o(.text)
    .text                                    0x0800051c   Section        8  libspace.o(.text)
    .text                                    0x08000524   Section        0  sys_exit.o(.text)
    .text                                    0x08000530   Section        2  use_no_semi.o(.text)
    DCMI_DMAError                            0x08000533   Thumb Code    20  stm32f4xx_hal_dcmi.o(.text.DCMI_DMAError)
    [Anonymous Symbol]                       0x08000532   Section        0  stm32f4xx_hal_dcmi.o(.text.DCMI_DMAError)
    .text                                    0x08000532   Section        0  indicate_semi.o(.text)
    DCMI_DMAXferCplt                         0x08000547   Thumb Code   130  stm32f4xx_hal_dcmi.o(.text.DCMI_DMAXferCplt)
    [Anonymous Symbol]                       0x08000546   Section        0  stm32f4xx_hal_dcmi.o(.text.DCMI_DMAXferCplt)
    [Anonymous Symbol]                       0x080005c8   Section        0  irqhandler.o(.text.DCMI_IRQHandler)
    [Anonymous Symbol]                       0x080005d4   Section        0  stm32f4xx_ll_fsmc.o(.text.FSMC_NORSRAM_Extended_Timing_Init)
    [Anonymous Symbol]                       0x08000618   Section        0  stm32f4xx_ll_fsmc.o(.text.FSMC_NORSRAM_Init)
    [Anonymous Symbol]                       0x08000688   Section        0  stm32f4xx_ll_fsmc.o(.text.FSMC_NORSRAM_Timing_Init)
    [Anonymous Symbol]                       0x080006ca   Section        0  imageprocess.o(.text.Gray8toGary16)
    [Anonymous Symbol]                       0x080006de   Section        0  stm32f4xx_hal_dcmi.o(.text.HAL_DCMI_ErrorCallback)
    [Anonymous Symbol]                       0x080006e0   Section        0  ov2640.o(.text.HAL_DCMI_FrameEventCallback)
    [Anonymous Symbol]                       0x080006f8   Section        0  stm32f4xx_hal_dcmi_ex.o(.text.HAL_DCMI_Init)
    [Anonymous Symbol]                       0x08000768   Section        0  ov2640.o(.text.HAL_DCMI_MspInit)
    [Anonymous Symbol]                       0x08000864   Section        0  stm32f4xx_hal_dcmi.o(.text.HAL_DCMI_Start_DMA)
    [Anonymous Symbol]                       0x08000930   Section        0  stm32f4xx_hal_dma_ex.o(.text.HAL_DMAEx_ChangeMemory)
    [Anonymous Symbol]                       0x08000940   Section        0  stm32f4xx_hal_dma_ex.o(.text.HAL_DMAEx_MultiBufferStart_IT)
    [Anonymous Symbol]                       0x08000c4c   Section        0  stm32f4xx_hal_dma.o(.text.HAL_DMA_Init)
    [Anonymous Symbol]                       0x08000d9a   Section        0  stm32f4xx_hal_dma.o(.text.HAL_DMA_Start_IT)
    [Anonymous Symbol]                       0x08000e44   Section        0  stm32f4xx_hal.o(.text.HAL_Delay)
    [Anonymous Symbol]                       0x08000e6c   Section        0  stm32f4xx_hal_gpio.o(.text.HAL_GPIO_Init)
    [Anonymous Symbol]                       0x08001008   Section        0  stm32f4xx_hal_gpio.o(.text.HAL_GPIO_WritePin)
    [Anonymous Symbol]                       0x08001012   Section        0  stm32f4xx_hal.o(.text.HAL_GetTick)
    [Anonymous Symbol]                       0x0800101e   Section        0  stm32f4xx_hal.o(.text.HAL_IncTick)
    [Anonymous Symbol]                       0x08001038   Section        0  stm32f4xx_hal.o(.text.HAL_Init)
    [Anonymous Symbol]                       0x0800106e   Section        0  timebase.o(.text.HAL_InitTick)
    [Anonymous Symbol]                       0x080010f2   Section        0  stm32f4xx_hal.o(.text.HAL_MspInit)
    [Anonymous Symbol]                       0x080010f4   Section        0  stm32f4xx_hal_cortex.o(.text.HAL_NVIC_EnableIRQ)
    [Anonymous Symbol]                       0x08001112   Section        0  stm32f4xx_hal_cortex.o(.text.HAL_NVIC_SetPriority)
    [Anonymous Symbol]                       0x0800116e   Section        0  stm32f4xx_hal_cortex.o(.text.HAL_NVIC_SetPriorityGrouping)
    [Anonymous Symbol]                       0x08001190   Section        0  stm32f4xx_hal_rcc.o(.text.HAL_RCC_ClockConfig)
    [Anonymous Symbol]                       0x080012dc   Section        0  stm32f4xx_hal_rcc.o(.text.HAL_RCC_EnableCSS)
    [Anonymous Symbol]                       0x080012e8   Section        0  stm32f4xx_hal_rcc.o(.text.HAL_RCC_GetClockConfig)
    [Anonymous Symbol]                       0x08001326   Section        0  stm32f4xx_hal_rcc.o(.text.HAL_RCC_GetPCLK2Freq)
    [Anonymous Symbol]                       0x0800134c   Section        0  stm32f4xx_hal_rcc.o(.text.HAL_RCC_GetSysClockFreq)
    [Anonymous Symbol]                       0x080013b8   Section        0  stm32f4xx_hal_rcc.o(.text.HAL_RCC_OscConfig)
    [Anonymous Symbol]                       0x080016a8   Section        0  stm32f4xx_hal_spi.o(.text.HAL_SPI_Init)
    [Anonymous Symbol]                       0x0800172c   Section        0  lcd.o(.text.HAL_SPI_MspInit)
    [Anonymous Symbol]                       0x0800179c   Section        0  stm32f4xx_hal_sram.o(.text.HAL_SRAM_Init)
    [Anonymous Symbol]                       0x080017f0   Section        0  stm32f4xx_hal_sram.o(.text.HAL_SRAM_MspInit)
    [Anonymous Symbol]                       0x080017f2   Section        0  stm32f4xx_hal_tim_ex.o(.text.HAL_TIMEx_BreakCallback)
    [Anonymous Symbol]                       0x080017f4   Section        0  stm32f4xx_hal_tim_ex.o(.text.HAL_TIMEx_CommutationCallback)
    [Anonymous Symbol]                       0x080017f6   Section        0  stm32f4xx_hal_tim.o(.text.HAL_TIM_Base_Init)
    [Anonymous Symbol]                       0x0800182a   Section        0  stm32f4xx_hal_tim.o(.text.HAL_TIM_Base_MspInit)
    [Anonymous Symbol]                       0x0800182c   Section        0  stm32f4xx_hal_tim.o(.text.HAL_TIM_Base_Start_IT)
    [Anonymous Symbol]                       0x08001842   Section        0  stm32f4xx_hal_tim.o(.text.HAL_TIM_IC_CaptureCallback)
    [Anonymous Symbol]                       0x08001844   Section        0  stm32f4xx_hal_tim.o(.text.HAL_TIM_IRQHandler)
    [Anonymous Symbol]                       0x080019ae   Section        0  stm32f4xx_hal_tim.o(.text.HAL_TIM_OC_DelayElapsedCallback)
    [Anonymous Symbol]                       0x080019b0   Section        0  stm32f4xx_hal_tim.o(.text.HAL_TIM_PWM_PulseFinishedCallback)
    [Anonymous Symbol]                       0x080019b2   Section        0  timebase.o(.text.HAL_TIM_PeriodElapsedCallback)
    [Anonymous Symbol]                       0x080019c6   Section        0  stm32f4xx_hal_tim.o(.text.HAL_TIM_TriggerCallback)
    [Anonymous Symbol]                       0x080019c8   Section        0  lcd.o(.text.LCD_Clear)
    [Anonymous Symbol]                       0x08001a08   Section        0  lcd.o(.text.LCD_Display_Dir)
    [Anonymous Symbol]                       0x08001a50   Section        0  lcd.o(.text.LCD_DrawLine)
    [Anonymous Symbol]                       0x08001b32   Section        0  lcd.o(.text.LCD_Fast_DrawPoint)
    [Anonymous Symbol]                       0x08001b80   Section        0  lcd.o(.text.LCD_Fill)
    [Anonymous Symbol]                       0x08001bbc   Section        0  lcd.o(.text.LCD_Init)
    [Anonymous Symbol]                       0x08001fac   Section        0  lcd.o(.text.LCD_Scan_Dir)
    [Anonymous Symbol]                       0x08002012   Section        0  lcd.o(.text.LCD_Set_Window)
    [Anonymous Symbol]                       0x08002076   Section        0  lcd.o(.text.LCD_WriteRAM_Prepare)
    [Anonymous Symbol]                       0x08002090   Section        0  ov2640.o(.text.OV2640_DMAOutput)
    [Anonymous Symbol]                       0x080020f0   Section        0  main.o(.text.OV2640_FrameReady)
    [Anonymous Symbol]                       0x08002220   Section        0  ov2640.o(.text.OV2640_ImageSize_Set)
    [Anonymous Symbol]                       0x0800226c   Section        0  ov2640.o(.text.OV2640_ImageWin_Set)
    [Anonymous Symbol]                       0x080022fc   Section        0  ov2640.o(.text.OV2640_Init)
    [Anonymous Symbol]                       0x080024dc   Section        0  ov2640.o(.text.OV2640_LED)
    [Anonymous Symbol]                       0x080024f6   Section        0  ov2640.o(.text.OV2640_OutSize_Set)
    [Anonymous Symbol]                       0x08002554   Section        0  ov2640.o(.text.OV2640_OutStart)
    [Anonymous Symbol]                       0x0800258c   Section        0  ov2640.o(.text.OV2640_RGB565_Mode)
    [Anonymous Symbol]                       0x080025b0   Section        0  port.o(.text.PendSV_Handler)
    pxCurrentTCBConst                        0x08002610   Number         0  port.o(.text.PendSV_Handler)
    [Anonymous Symbol]                       0x08002614   Section        0  imageprocess.o(.text.RGB_to_gray)
    [Anonymous Symbol]                       0x0800266e   Section        0  sccb.o(.text.SCCB_Init)
    [Anonymous Symbol]                       0x080026d0   Section        0  sccb.o(.text.SCCB_No_Ack)
    [Anonymous Symbol]                       0x08002784   Section        0  sccb.o(.text.SCCB_RD_Byte)
    [Anonymous Symbol]                       0x08002830   Section        0  sccb.o(.text.SCCB_RD_Reg)
    [Anonymous Symbol]                       0x080028dc   Section        0  sccb.o(.text.SCCB_Start)
    [Anonymous Symbol]                       0x08002958   Section        0  sccb.o(.text.SCCB_Stop)
    [Anonymous Symbol]                       0x080029e4   Section        0  sccb.o(.text.SCCB_WR_Byte)
    [Anonymous Symbol]                       0x08002ad8   Section        0  sccb.o(.text.SCCB_WR_Reg)
    [Anonymous Symbol]                       0x08002b40   Section        0  port.o(.text.SVC_Handler)
    pxCurrentTCBConst2                       0x08002b60   Number         0  port.o(.text.SVC_Handler)
    [Anonymous Symbol]                       0x08002b64   Section        0  imageprocess.o(.text.Sobel_Gradient)
    [Anonymous Symbol]                       0x08002bea   Section        0  cmsis_os2.o(.text.SysTick_Handler)
    [Anonymous Symbol]                       0x08002c08   Section        0  main.o(.text.SystemClock_Config)
    [Anonymous Symbol]                       0x08002cae   Section        0  system_stm32f4xx.o(.text.SystemInit)
    [Anonymous Symbol]                       0x08002d06   Section        0  irqhandler.o(.text.TIM8_UP_TIM13_IRQHandler)
    [Anonymous Symbol]                       0x08002d12   Section        0  stm32f4xx_hal_tim.o(.text.TIM_Base_SetConfig)
    __tagsym$$used.1                         0x08002e28   Number         0  clib_arm.o(.text._mutex_acquire)
    [Anonymous Symbol]                       0x08002e28   Section        0  clib_arm.o(.text._mutex_acquire)
    __tagsym$$used.3                         0x08002e54   Number         0  clib_arm.o(.text._mutex_free)
    [Anonymous Symbol]                       0x08002e54   Section        0  clib_arm.o(.text._mutex_free)
    __tagsym$$used.0                         0x08002e84   Number         0  clib_arm.o(.text._mutex_initialize)
    [Anonymous Symbol]                       0x08002e84   Section        0  clib_arm.o(.text._mutex_initialize)
    __tagsym$$used.2                         0x08002ee6   Number         0  clib_arm.o(.text._mutex_release)
    [Anonymous Symbol]                       0x08002ee6   Section        0  clib_arm.o(.text._mutex_release)
    [Anonymous Symbol]                       0x08002f14   Section        0  clib_arm.o(.text._platform_post_stackheap_init)
    [Anonymous Symbol]                       0x08002f18   Section        0  imageprocess.o(.text.find_circle)
    [Anonymous Symbol]                       0x0800318c   Section        0  main.o(.text.main)
    prvAddCurrentTaskToDelayedList           0x08003233   Thumb Code   132  tasks.o(.text.prvAddCurrentTaskToDelayedList)
    [Anonymous Symbol]                       0x08003232   Section        0  tasks.o(.text.prvAddCurrentTaskToDelayedList)
    prvCopyDataToQueue                       0x080032b7   Thumb Code   112  queue.o(.text.prvCopyDataToQueue)
    [Anonymous Symbol]                       0x080032b6   Section        0  queue.o(.text.prvCopyDataToQueue)
    prvInsertBlockIntoFreeList               0x08003329   Thumb Code    80  heap_4.o(.text.prvInsertBlockIntoFreeList)
    [Anonymous Symbol]                       0x08003328   Section        0  heap_4.o(.text.prvInsertBlockIntoFreeList)
    prvUnlockQueue                           0x08003379   Thumb Code   114  queue.o(.text.prvUnlockQueue)
    [Anonymous Symbol]                       0x08003378   Section        0  queue.o(.text.prvUnlockQueue)
    [Anonymous Symbol]                       0x080033ec   Section        0  heap_4.o(.text.pvPortMalloc)
    [Anonymous Symbol]                       0x08003540   Section        0  tasks.o(.text.pvTaskIncrementMutexHeldCount)
    [Anonymous Symbol]                       0x08003558   Section        0  list.o(.text.uxListRemove)
    [Anonymous Symbol]                       0x0800357a   Section        0  cmsis_os2.o(.text.vApplicationStackOverflowHook)
    [Anonymous Symbol]                       0x0800357c   Section        0  list.o(.text.vListInitialise)
    [Anonymous Symbol]                       0x08003594   Section        0  list.o(.text.vListInsert)
    [Anonymous Symbol]                       0x080035ce   Section        0  list.o(.text.vListInsertEnd)
    [Anonymous Symbol]                       0x080035e6   Section        0  port.o(.text.vPortEnterCritical)
    [Anonymous Symbol]                       0x08003606   Section        0  port.o(.text.vPortExitCritical)
    [Anonymous Symbol]                       0x08003620   Section        0  heap_4.o(.text.vPortFree)
    [Anonymous Symbol]                       0x08003674   Section        0  queue.o(.text.vQueueDelete)
    [Anonymous Symbol]                       0x08003682   Section        0  tasks.o(.text.vTaskInternalSetTimeOutState)
    [Anonymous Symbol]                       0x0800369c   Section        0  tasks.o(.text.vTaskMissedYield)
    [Anonymous Symbol]                       0x080036aa   Section        0  tasks.o(.text.vTaskPlaceOnEventList)
    [Anonymous Symbol]                       0x080036ca   Section        0  tasks.o(.text.vTaskPriorityDisinheritAfterTimeout)
    [Anonymous Symbol]                       0x08003736   Section        0  tasks.o(.text.vTaskSuspendAll)
    [Anonymous Symbol]                       0x08003748   Section        0  tasks.o(.text.vTaskSwitchContext)
    [Anonymous Symbol]                       0x080037ec   Section        0  port.o(.text.xPortSysTickHandler)
    [Anonymous Symbol]                       0x0800381a   Section        0  queue.o(.text.xQueueCreateMutex)
    [Anonymous Symbol]                       0x08003842   Section        0  queue.o(.text.xQueueCreateMutexStatic)
    [Anonymous Symbol]                       0x0800387a   Section        0  queue.o(.text.xQueueGenericCreate)
    [Anonymous Symbol]                       0x080038c0   Section        0  queue.o(.text.xQueueGenericReset)
    [Anonymous Symbol]                       0x08003930   Section        0  queue.o(.text.xQueueGenericSend)
    [Anonymous Symbol]                       0x08003a70   Section        0  queue.o(.text.xQueueSemaphoreTake)
    [Anonymous Symbol]                       0x08003bce   Section        0  tasks.o(.text.xTaskCheckForTimeOut)
    [Anonymous Symbol]                       0x08003c2a   Section        0  tasks.o(.text.xTaskGetSchedulerState)
    [Anonymous Symbol]                       0x08003c50   Section        0  tasks.o(.text.xTaskIncrementTick)
    [Anonymous Symbol]                       0x08003dae   Section        0  tasks.o(.text.xTaskPriorityDisinherit)
    [Anonymous Symbol]                       0x08003e0a   Section        0  tasks.o(.text.xTaskPriorityInherit)
    [Anonymous Symbol]                       0x08003e98   Section        0  tasks.o(.text.xTaskRemoveFromEventList)
    [Anonymous Symbol]                       0x08003f14   Section        0  tasks.o(.text.xTaskResumeAll)
    $v0                                      0x0800403a   Number         0  fpinit.o(x$fpl$fpinit)
    x$fpl$fpinit                             0x0800403a   Section       26  fpinit.o(x$fpl$fpinit)
    DMA_CalcBaseAndBitshift.flagBitshiftOffset 0x0800406c   Data           8  stm32f4xx_hal_dma.o(.rodata.cst8)
    ov2640_rgb565_reg_tbl                    0x08004074   Data          28  ov2640.o(.rodata.ov2640_rgb565_reg_tbl)
    [Anonymous Symbol]                       0x08004074   Section        0  ov2640.o(.rodata.ov2640_rgb565_reg_tbl)
    ov2640_svga_init_reg_tbl                 0x08004090   Data         354  ov2640.o(.rodata.ov2640_svga_init_reg_tbl)
    [Anonymous Symbol]                       0x08004090   Section        0  ov2640.o(.rodata.ov2640_svga_init_reg_tbl)
    uxCriticalNesting                        0x1000dba0   Data           4  port.o(.data.uxCriticalNesting)
    [Anonymous Symbol]                       0x1000dba0   Section        0  port.o(.data.uxCriticalNesting)
    pxDelayedTaskList                        0x1000dbac   Data           4  tasks.o(.bss.pxDelayedTaskList)
    [Anonymous Symbol]                       0x1000dbac   Section        0  tasks.o(.bss.pxDelayedTaskList)
    pxEnd                                    0x1000dbb0   Data           4  heap_4.o(.bss.pxEnd)
    [Anonymous Symbol]                       0x1000dbb0   Section        0  heap_4.o(.bss.pxEnd)
    pxOverflowDelayedTaskList                0x1000dbb4   Data           4  tasks.o(.bss.pxOverflowDelayedTaskList)
    [Anonymous Symbol]                       0x1000dbb4   Section        0  tasks.o(.bss.pxOverflowDelayedTaskList)
    pxReadyTasksLists                        0x1000dbb8   Data        1120  tasks.o(.bss.pxReadyTasksLists)
    [Anonymous Symbol]                       0x1000dbb8   Section        0  tasks.o(.bss.pxReadyTasksLists)
    ucHeap                                   0x1000e018   Data        1024  heap_4.o(.bss.ucHeap)
    [Anonymous Symbol]                       0x1000e018   Section        0  heap_4.o(.bss.ucHeap)
    uxCurrentNumberOfTasks                   0x1000e418   Data           4  tasks.o(.bss.uxCurrentNumberOfTasks)
    [Anonymous Symbol]                       0x1000e418   Section        0  tasks.o(.bss.uxCurrentNumberOfTasks)
    uxPendedTicks                            0x1000e41c   Data           4  tasks.o(.bss.uxPendedTicks)
    [Anonymous Symbol]                       0x1000e41c   Section        0  tasks.o(.bss.uxPendedTicks)
    uxSchedulerSuspended                     0x1000e420   Data           4  tasks.o(.bss.uxSchedulerSuspended)
    [Anonymous Symbol]                       0x1000e420   Section        0  tasks.o(.bss.uxSchedulerSuspended)
    uxTopReadyPriority                       0x1000e424   Data           4  tasks.o(.bss.uxTopReadyPriority)
    [Anonymous Symbol]                       0x1000e424   Section        0  tasks.o(.bss.uxTopReadyPriority)
    xBlockAllocatedBit                       0x1000e428   Data           1  heap_4.o(.bss.xBlockAllocatedBit)
    [Anonymous Symbol]                       0x1000e428   Section        0  heap_4.o(.bss.xBlockAllocatedBit)
    xFreeBytesRemaining                      0x1000e42c   Data           4  heap_4.o(.bss.xFreeBytesRemaining)
    [Anonymous Symbol]                       0x1000e42c   Section        0  heap_4.o(.bss.xFreeBytesRemaining)
    xMinimumEverFreeBytesRemaining           0x1000e430   Data           4  heap_4.o(.bss.xMinimumEverFreeBytesRemaining)
    [Anonymous Symbol]                       0x1000e430   Section        0  heap_4.o(.bss.xMinimumEverFreeBytesRemaining)
    xNextTaskUnblockTime                     0x1000e434   Data           4  tasks.o(.bss.xNextTaskUnblockTime)
    [Anonymous Symbol]                       0x1000e434   Section        0  tasks.o(.bss.xNextTaskUnblockTime)
    xNumOfOverflows                          0x1000e438   Data           4  tasks.o(.bss.xNumOfOverflows)
    [Anonymous Symbol]                       0x1000e438   Section        0  tasks.o(.bss.xNumOfOverflows)
    xPendingReadyList                        0x1000e43c   Data          20  tasks.o(.bss.xPendingReadyList)
    [Anonymous Symbol]                       0x1000e43c   Section        0  tasks.o(.bss.xPendingReadyList)
    xSchedulerRunning                        0x1000e450   Data           4  tasks.o(.bss.xSchedulerRunning)
    [Anonymous Symbol]                       0x1000e450   Section        0  tasks.o(.bss.xSchedulerRunning)
    xStart                                   0x1000e454   Data           8  heap_4.o(.bss.xStart)
    [Anonymous Symbol]                       0x1000e454   Section        0  heap_4.o(.bss.xStart)
    xSuspendedTaskList                       0x1000e45c   Data          20  tasks.o(.bss.xSuspendedTaskList)
    [Anonymous Symbol]                       0x1000e45c   Section        0  tasks.o(.bss.xSuspendedTaskList)
    xTickCount                               0x1000e470   Data           4  tasks.o(.bss.xTickCount)
    [Anonymous Symbol]                       0x1000e470   Section        0  tasks.o(.bss.xTickCount)
    xYieldPending                            0x1000e474   Data           4  tasks.o(.bss.xYieldPending)
    [Anonymous Symbol]                       0x1000e474   Section        0  tasks.o(.bss.xYieldPending)
    Heap_Mem                                 0x1000e478   Data          80  startup_stm32f407xx.o(HEAP)
    HEAP                                     0x1000e478   Section       80  startup_stm32f407xx.o(HEAP)
    Stack_Mem                                0x1000e4c8   Data         256  startup_stm32f407xx.o(STACK)
    STACK                                    0x1000e4c8   Section      256  startup_stm32f407xx.o(STACK)
    __initial_sp                             0x1000e5c8   Data           0  startup_stm32f407xx.o(STACK)
    .bss                                     0x2001a48c   Section       96  libspace.o(.bss)
    FSMC_Initialized                         0x2001a4ec   Data           1  lcd.o(.bss.FSMC_Initialized)
    [Anonymous Symbol]                       0x2001a4ec   Section        0  lcd.o(.bss.FSMC_Initialized)
    clib_mutex_cb                            0x2001a4f0   Data         400  clib_arm.o(.bss.clib_mutex_cb)
    [Anonymous Symbol]                       0x2001a4f0   Section        0  clib_arm.o(.bss.clib_mutex_cb)
    clib_mutex_id                            0x2001a680   Data          20  clib_arm.o(.bss.clib_mutex_id)
    [Anonymous Symbol]                       0x2001a680   Section        0  clib_arm.o(.bss.clib_mutex_id)
    os_kernel_is_active.os_kernel_active     0x2001a828   Data           1  clib_arm.o(.bss.os_kernel_is_active.os_kernel_active)
    [Anonymous Symbol]                       0x2001a828   Section        0  clib_arm.o(.bss.os_kernel_is_active.os_kernel_active)

    Global Symbols

    Symbol Name                              Value     Ov Type        Size  Object(Section)

    BuildAttributes$$THM_ISAv4$E$P$D$K$B$S$7EM$VFPi3$EXTD16$VFPS$VFMA$PE$A:L22UL41UL21$X:L11$S22US41US21$IEEE1$IW$~IW$USESV6$~STKCKD$USESV7$~SHL$OSPACE$ROPI$EBA8$UX$STANDARDLIB$REQ8$PRES8$EABIv2 0x00000000   Number         0  anon$$obj.o ABSOLUTE
    __ARM_exceptions_init                     - Undefined Weak Reference
    __alloca_initialize                       - Undefined Weak Reference
    __arm_preinit_                            - Undefined Weak Reference
    __cpp_initialize__aeabi_                  - Undefined Weak Reference
    __cxa_finalize                            - Undefined Weak Reference
    __rt_locale                               - Undefined Weak Reference
    __sigvec_lookup                           - Undefined Weak Reference
    _atexit_init                              - Undefined Weak Reference
    _call_atexit_fns                          - Undefined Weak Reference
    _clock_init                               - Undefined Weak Reference
    _fp_trap_init                             - Undefined Weak Reference
    _fp_trap_shutdown                         - Undefined Weak Reference
    _get_lc_collate                           - Undefined Weak Reference
    _get_lc_ctype                             - Undefined Weak Reference
    _get_lc_monetary                          - Undefined Weak Reference
    _get_lc_numeric                           - Undefined Weak Reference
    _get_lc_time                              - Undefined Weak Reference
    _getenv_init                              - Undefined Weak Reference
    _handle_redirection                       - Undefined Weak Reference
    _init_alloc                               - Undefined Weak Reference
    _init_user_alloc                          - Undefined Weak Reference
    _initio                                   - Undefined Weak Reference
    _rand_init                                - Undefined Weak Reference
    _signal_finish                            - Undefined Weak Reference
    _signal_init                              - Undefined Weak Reference
    _terminate_alloc                          - Undefined Weak Reference
    _terminate_user_alloc                     - Undefined Weak Reference
    _terminateio                              - Undefined Weak Reference
    __Vectors_Size                           0x00000188   Number         0  startup_stm32f407xx.o ABSOLUTE
    __Vectors                                0x08000000   Data           4  startup_stm32f407xx.o(RESET)
    __Vectors_End                            0x08000188   Data           0  startup_stm32f407xx.o(RESET)
    __main                                   0x08000189   Thumb Code     8  __main.o(!!!main)
    __scatterload                            0x08000191   Thumb Code     0  __scatter.o(!!!scatter)
    __scatterload_rt2                        0x08000191   Thumb Code    44  __scatter.o(!!!scatter)
    __scatterload_rt2_thumb_only             0x08000191   Thumb Code     0  __scatter.o(!!!scatter)
    __scatterload_null                       0x0800019f   Thumb Code     0  __scatter.o(!!!scatter)
    __decompress                             0x080001c5   Thumb Code    58  __dczerorl.o(!!dczerorl)
    __decompress0                            0x080001c5   Thumb Code     0  __dczerorl.o(!!dczerorl)
    __scatterload_zeroinit                   0x08000201   Thumb Code    28  __scatter_zi.o(!!handler_zi)
    __rt_lib_init                            0x0800021d   Thumb Code     0  libinit.o(.ARM.Collect$$libinit$$00000000)
    __rt_lib_init_fp_1                       0x0800021f   Thumb Code     0  libinit2.o(.ARM.Collect$$libinit$$00000001)
    __rt_lib_init_alloca_1                   0x08000223   Thumb Code     0  libinit2.o(.ARM.Collect$$libinit$$0000002E)
    __rt_lib_init_argv_1                     0x08000223   Thumb Code     0  libinit2.o(.ARM.Collect$$libinit$$0000002C)
    __rt_lib_init_atexit_1                   0x08000223   Thumb Code     0  libinit2.o(.ARM.Collect$$libinit$$0000001B)
    __rt_lib_init_clock_1                    0x08000223   Thumb Code     0  libinit2.o(.ARM.Collect$$libinit$$00000021)
    __rt_lib_init_cpp_1                      0x08000223   Thumb Code     0  libinit2.o(.ARM.Collect$$libinit$$00000032)
    __rt_lib_init_exceptions_1               0x08000223   Thumb Code     0  libinit2.o(.ARM.Collect$$libinit$$00000030)
    __rt_lib_init_fp_trap_1                  0x08000223   Thumb Code     0  libinit2.o(.ARM.Collect$$libinit$$0000001F)
    __rt_lib_init_getenv_1                   0x08000223   Thumb Code     0  libinit2.o(.ARM.Collect$$libinit$$00000023)
    __rt_lib_init_heap_1                     0x08000223   Thumb Code     0  libinit2.o(.ARM.Collect$$libinit$$0000000A)
    __rt_lib_init_lc_collate_1               0x08000223   Thumb Code     0  libinit2.o(.ARM.Collect$$libinit$$00000011)
    __rt_lib_init_lc_ctype_1                 0x08000223   Thumb Code     0  libinit2.o(.ARM.Collect$$libinit$$00000013)
    __rt_lib_init_lc_monetary_1              0x08000223   Thumb Code     0  libinit2.o(.ARM.Collect$$libinit$$00000015)
    __rt_lib_init_lc_numeric_1               0x08000223   Thumb Code     0  libinit2.o(.ARM.Collect$$libinit$$00000017)
    __rt_lib_init_lc_time_1                  0x08000223   Thumb Code     0  libinit2.o(.ARM.Collect$$libinit$$00000019)
    __rt_lib_init_preinit_1                  0x08000223   Thumb Code     0  libinit2.o(.ARM.Collect$$libinit$$00000004)
    __rt_lib_init_rand_1                     0x08000223   Thumb Code     0  libinit2.o(.ARM.Collect$$libinit$$0000000E)
    __rt_lib_init_return                     0x08000223   Thumb Code     0  libinit2.o(.ARM.Collect$$libinit$$00000033)
    __rt_lib_init_signal_1                   0x08000223   Thumb Code     0  libinit2.o(.ARM.Collect$$libinit$$0000001D)
    __rt_lib_init_stdio_1                    0x08000223   Thumb Code     0  libinit2.o(.ARM.Collect$$libinit$$00000025)
    __rt_lib_init_user_alloc_1               0x08000223   Thumb Code     0  libinit2.o(.ARM.Collect$$libinit$$0000000C)
    __rt_lib_shutdown                        0x08000225   Thumb Code     0  libshutdown.o(.ARM.Collect$$libshutdown$$00000000)
    __rt_lib_shutdown_cpp_1                  0x08000227   Thumb Code     0  libshutdown2.o(.ARM.Collect$$libshutdown$$00000002)
    __rt_lib_shutdown_fp_trap_1              0x08000227   Thumb Code     0  libshutdown2.o(.ARM.Collect$$libshutdown$$00000007)
    __rt_lib_shutdown_heap_1                 0x08000227   Thumb Code     0  libshutdown2.o(.ARM.Collect$$libshutdown$$0000000F)
    __rt_lib_shutdown_return                 0x08000227   Thumb Code     0  libshutdown2.o(.ARM.Collect$$libshutdown$$00000010)
    __rt_lib_shutdown_signal_1               0x08000227   Thumb Code     0  libshutdown2.o(.ARM.Collect$$libshutdown$$0000000A)
    __rt_lib_shutdown_stdio_1                0x08000227   Thumb Code     0  libshutdown2.o(.ARM.Collect$$libshutdown$$00000004)
    __rt_lib_shutdown_user_alloc_1           0x08000227   Thumb Code     0  libshutdown2.o(.ARM.Collect$$libshutdown$$0000000C)
    __rt_entry                               0x08000229   Thumb Code     0  __rtentry.o(.ARM.Collect$$rtentry$$00000000)
    __rt_entry_presh_1                       0x08000229   Thumb Code     0  __rtentry2.o(.ARM.Collect$$rtentry$$00000002)
    __rt_entry_sh                            0x08000229   Thumb Code     0  __rtentry4.o(.ARM.Collect$$rtentry$$00000004)
    __rt_entry_postsh_1                      0x0800022f   Thumb Code     0  __rtentry2.o(.ARM.Collect$$rtentry$$00000008)
    __rt_entry_li                            0x08000237   Thumb Code     0  __rtentry2.o(.ARM.Collect$$rtentry$$0000000A)
    __rt_entry_main                          0x0800023b   Thumb Code     0  __rtentry2.o(.ARM.Collect$$rtentry$$0000000D)
    __rt_entry_postli_1                      0x0800023b   Thumb Code     0  __rtentry2.o(.ARM.Collect$$rtentry$$0000000C)
    __rt_exit                                0x08000243   Thumb Code     0  rtexit.o(.ARM.Collect$$rtexit$$00000000)
    __rt_exit_ls                             0x08000245   Thumb Code     0  rtexit2.o(.ARM.Collect$$rtexit$$00000003)
    __rt_exit_prels_1                        0x08000245   Thumb Code     0  rtexit2.o(.ARM.Collect$$rtexit$$00000002)
    __rt_exit_exit                           0x08000249   Thumb Code     0  rtexit2.o(.ARM.Collect$$rtexit$$00000004)
    Reset_Handler                            0x08000251   Thumb Code     8  startup_stm32f407xx.o(.text)
    NMI_Handler                              0x08000259   Thumb Code     2  startup_stm32f407xx.o(.text)
    HardFault_Handler                        0x0800025b   Thumb Code     2  startup_stm32f407xx.o(.text)
    MemManage_Handler                        0x0800025d   Thumb Code     2  startup_stm32f407xx.o(.text)
    BusFault_Handler                         0x0800025f   Thumb Code     2  startup_stm32f407xx.o(.text)
    UsageFault_Handler                       0x08000261   Thumb Code     2  startup_stm32f407xx.o(.text)
    DebugMon_Handler                         0x08000265   Thumb Code     2  startup_stm32f407xx.o(.text)
    ADC_IRQHandler                           0x0800026b   Thumb Code     0  startup_stm32f407xx.o(.text)
    CAN1_RX0_IRQHandler                      0x0800026b   Thumb Code     0  startup_stm32f407xx.o(.text)
    CAN1_RX1_IRQHandler                      0x0800026b   Thumb Code     0  startup_stm32f407xx.o(.text)
    CAN1_SCE_IRQHandler                      0x0800026b   Thumb Code     0  startup_stm32f407xx.o(.text)
    CAN1_TX_IRQHandler                       0x0800026b   Thumb Code     0  startup_stm32f407xx.o(.text)
    CAN2_RX0_IRQHandler                      0x0800026b   Thumb Code     0  startup_stm32f407xx.o(.text)
    CAN2_RX1_IRQHandler                      0x0800026b   Thumb Code     0  startup_stm32f407xx.o(.text)
    CAN2_SCE_IRQHandler                      0x0800026b   Thumb Code     0  startup_stm32f407xx.o(.text)
    CAN2_TX_IRQHandler                       0x0800026b   Thumb Code     0  startup_stm32f407xx.o(.text)
    DMA1_Stream0_IRQHandler                  0x0800026b   Thumb Code     0  startup_stm32f407xx.o(.text)
    DMA1_Stream1_IRQHandler                  0x0800026b   Thumb Code     0  startup_stm32f407xx.o(.text)
    DMA1_Stream2_IRQHandler                  0x0800026b   Thumb Code     0  startup_stm32f407xx.o(.text)
    DMA1_Stream3_IRQHandler                  0x0800026b   Thumb Code     0  startup_stm32f407xx.o(.text)
    DMA1_Stream4_IRQHandler                  0x0800026b   Thumb Code     0  startup_stm32f407xx.o(.text)
    DMA1_Stream5_IRQHandler                  0x0800026b   Thumb Code     0  startup_stm32f407xx.o(.text)
    DMA1_Stream6_IRQHandler                  0x0800026b   Thumb Code     0  startup_stm32f407xx.o(.text)
    DMA1_Stream7_IRQHandler                  0x0800026b   Thumb Code     0  startup_stm32f407xx.o(.text)
    DMA2_Stream0_IRQHandler                  0x0800026b   Thumb Code     0  startup_stm32f407xx.o(.text)
    DMA2_Stream1_IRQHandler                  0x0800026b   Thumb Code     0  startup_stm32f407xx.o(.text)
    DMA2_Stream2_IRQHandler                  0x0800026b   Thumb Code     0  startup_stm32f407xx.o(.text)
    DMA2_Stream3_IRQHandler                  0x0800026b   Thumb Code     0  startup_stm32f407xx.o(.text)
    DMA2_Stream4_IRQHandler                  0x0800026b   Thumb Code     0  startup_stm32f407xx.o(.text)
    DMA2_Stream5_IRQHandler                  0x0800026b   Thumb Code     0  startup_stm32f407xx.o(.text)
    DMA2_Stream6_IRQHandler                  0x0800026b   Thumb Code     0  startup_stm32f407xx.o(.text)
    DMA2_Stream7_IRQHandler                  0x0800026b   Thumb Code     0  startup_stm32f407xx.o(.text)
    ETH_IRQHandler                           0x0800026b   Thumb Code     0  startup_stm32f407xx.o(.text)
    ETH_WKUP_IRQHandler                      0x0800026b   Thumb Code     0  startup_stm32f407xx.o(.text)
    EXTI0_IRQHandler                         0x0800026b   Thumb Code     0  startup_stm32f407xx.o(.text)
    EXTI15_10_IRQHandler                     0x0800026b   Thumb Code     0  startup_stm32f407xx.o(.text)
    EXTI1_IRQHandler                         0x0800026b   Thumb Code     0  startup_stm32f407xx.o(.text)
    EXTI2_IRQHandler                         0x0800026b   Thumb Code     0  startup_stm32f407xx.o(.text)
    EXTI3_IRQHandler                         0x0800026b   Thumb Code     0  startup_stm32f407xx.o(.text)
    EXTI4_IRQHandler                         0x0800026b   Thumb Code     0  startup_stm32f407xx.o(.text)
    EXTI9_5_IRQHandler                       0x0800026b   Thumb Code     0  startup_stm32f407xx.o(.text)
    FLASH_IRQHandler                         0x0800026b   Thumb Code     0  startup_stm32f407xx.o(.text)
    FMC_IRQHandler                           0x0800026b   Thumb Code     0  startup_stm32f407xx.o(.text)
    FPU_IRQHandler                           0x0800026b   Thumb Code     0  startup_stm32f407xx.o(.text)
    HASH_RNG_IRQHandler                      0x0800026b   Thumb Code     0  startup_stm32f407xx.o(.text)
    I2C1_ER_IRQHandler                       0x0800026b   Thumb Code     0  startup_stm32f407xx.o(.text)
    I2C1_EV_IRQHandler                       0x0800026b   Thumb Code     0  startup_stm32f407xx.o(.text)
    I2C2_ER_IRQHandler                       0x0800026b   Thumb Code     0  startup_stm32f407xx.o(.text)
    I2C2_EV_IRQHandler                       0x0800026b   Thumb Code     0  startup_stm32f407xx.o(.text)
    I2C3_ER_IRQHandler                       0x0800026b   Thumb Code     0  startup_stm32f407xx.o(.text)
    I2C3_EV_IRQHandler                       0x0800026b   Thumb Code     0  startup_stm32f407xx.o(.text)
    OTG_FS_IRQHandler                        0x0800026b   Thumb Code     0  startup_stm32f407xx.o(.text)
    OTG_FS_WKUP_IRQHandler                   0x0800026b   Thumb Code     0  startup_stm32f407xx.o(.text)
    OTG_HS_EP1_IN_IRQHandler                 0x0800026b   Thumb Code     0  startup_stm32f407xx.o(.text)
    OTG_HS_EP1_OUT_IRQHandler                0x0800026b   Thumb Code     0  startup_stm32f407xx.o(.text)
    OTG_HS_IRQHandler                        0x0800026b   Thumb Code     0  startup_stm32f407xx.o(.text)
    OTG_HS_WKUP_IRQHandler                   0x0800026b   Thumb Code     0  startup_stm32f407xx.o(.text)
    PVD_IRQHandler                           0x0800026b   Thumb Code     0  startup_stm32f407xx.o(.text)
    RCC_IRQHandler                           0x0800026b   Thumb Code     0  startup_stm32f407xx.o(.text)
    RTC_Alarm_IRQHandler                     0x0800026b   Thumb Code     0  startup_stm32f407xx.o(.text)
    RTC_WKUP_IRQHandler                      0x0800026b   Thumb Code     0  startup_stm32f407xx.o(.text)
    SDIO_IRQHandler                          0x0800026b   Thumb Code     0  startup_stm32f407xx.o(.text)
    SPI1_IRQHandler                          0x0800026b   Thumb Code     0  startup_stm32f407xx.o(.text)
    SPI2_IRQHandler                          0x0800026b   Thumb Code     0  startup_stm32f407xx.o(.text)
    SPI3_IRQHandler                          0x0800026b   Thumb Code     0  startup_stm32f407xx.o(.text)
    TAMP_STAMP_IRQHandler                    0x0800026b   Thumb Code     0  startup_stm32f407xx.o(.text)
    TIM1_BRK_TIM9_IRQHandler                 0x0800026b   Thumb Code     0  startup_stm32f407xx.o(.text)
    TIM1_CC_IRQHandler                       0x0800026b   Thumb Code     0  startup_stm32f407xx.o(.text)
    TIM1_TRG_COM_TIM11_IRQHandler            0x0800026b   Thumb Code     0  startup_stm32f407xx.o(.text)
    TIM1_UP_TIM10_IRQHandler                 0x0800026b   Thumb Code     0  startup_stm32f407xx.o(.text)
    TIM2_IRQHandler                          0x0800026b   Thumb Code     0  startup_stm32f407xx.o(.text)
    TIM3_IRQHandler                          0x0800026b   Thumb Code     0  startup_stm32f407xx.o(.text)
    TIM4_IRQHandler                          0x0800026b   Thumb Code     0  startup_stm32f407xx.o(.text)
    TIM5_IRQHandler                          0x0800026b   Thumb Code     0  startup_stm32f407xx.o(.text)
    TIM6_DAC_IRQHandler                      0x0800026b   Thumb Code     0  startup_stm32f407xx.o(.text)
    TIM7_IRQHandler                          0x0800026b   Thumb Code     0  startup_stm32f407xx.o(.text)
    TIM8_BRK_TIM12_IRQHandler                0x0800026b   Thumb Code     0  startup_stm32f407xx.o(.text)
    TIM8_CC_IRQHandler                       0x0800026b   Thumb Code     0  startup_stm32f407xx.o(.text)
    TIM8_TRG_COM_TIM14_IRQHandler            0x0800026b   Thumb Code     0  startup_stm32f407xx.o(.text)
    UART4_IRQHandler                         0x0800026b   Thumb Code     0  startup_stm32f407xx.o(.text)
    UART5_IRQHandler                         0x0800026b   Thumb Code     0  startup_stm32f407xx.o(.text)
    USART1_IRQHandler                        0x0800026b   Thumb Code     0  startup_stm32f407xx.o(.text)
    USART2_IRQHandler                        0x0800026b   Thumb Code     0  startup_stm32f407xx.o(.text)
    USART3_IRQHandler                        0x0800026b   Thumb Code     0  startup_stm32f407xx.o(.text)
    USART6_IRQHandler                        0x0800026b   Thumb Code     0  startup_stm32f407xx.o(.text)
    WWDG_IRQHandler                          0x0800026b   Thumb Code     0  startup_stm32f407xx.o(.text)
    __user_initial_stackheap                 0x0800026d   Thumb Code     0  startup_stm32f407xx.o(.text)
    __aeabi_uldivmod                         0x08000291   Thumb Code     0  lludivv7m.o(.text)
    _ll_udiv                                 0x08000291   Thumb Code   238  lludivv7m.o(.text)
    __aeabi_memcpy                           0x0800037f   Thumb Code     0  rt_memcpy_v6.o(.text)
    __rt_memcpy                              0x0800037f   Thumb Code   138  rt_memcpy_v6.o(.text)
    _memcpy_lastbytes                        0x080003e5   Thumb Code     0  rt_memcpy_v6.o(.text)
    __aeabi_memclr4                          0x08000409   Thumb Code     0  rt_memclr_w.o(.text)
    __aeabi_memclr8                          0x08000409   Thumb Code     0  rt_memclr_w.o(.text)
    __rt_memclr_w                            0x08000409   Thumb Code    78  rt_memclr_w.o(.text)
    _memset_w                                0x0800040d   Thumb Code     0  rt_memclr_w.o(.text)
    __use_two_region_memory                  0x08000457   Thumb Code     2  heapauxi.o(.text)
    __rt_heap_escrow$2region                 0x08000459   Thumb Code     2  heapauxi.o(.text)
    __rt_heap_expand$2region                 0x0800045b   Thumb Code     2  heapauxi.o(.text)
    __aeabi_memcpy4                          0x0800045d   Thumb Code     0  rt_memcpy_w.o(.text)
    __aeabi_memcpy8                          0x0800045d   Thumb Code     0  rt_memcpy_w.o(.text)
    __rt_memcpy_w                            0x0800045d   Thumb Code   100  rt_memcpy_w.o(.text)
    _memcpy_lastbytes_aligned                0x080004a5   Thumb Code     0  rt_memcpy_w.o(.text)
    __user_setup_stackheap                   0x080004c1   Thumb Code    74  sys_stackheap_outer.o(.text)
    exit                                     0x0800050b   Thumb Code    18  exit.o(.text)
    __user_libspace                          0x0800051d   Thumb Code     8  libspace.o(.text)
    __user_perproc_libspace                  0x0800051d   Thumb Code     0  libspace.o(.text)
    _sys_exit                                0x08000525   Thumb Code     8  sys_exit.o(.text)
    __I$use$semihosting                      0x08000531   Thumb Code     0  use_no_semi.o(.text)
    __use_no_semihosting_swi                 0x08000531   Thumb Code     2  use_no_semi.o(.text)
    __semihosting_library_function           0x08000533   Thumb Code     0  indicate_semi.o(.text)
    DCMI_IRQHandler                          0x080005c9   Thumb Code    12  irqhandler.o(.text.DCMI_IRQHandler)
    FSMC_NORSRAM_Extended_Timing_Init        0x080005d5   Thumb Code    68  stm32f4xx_ll_fsmc.o(.text.FSMC_NORSRAM_Extended_Timing_Init)
    FSMC_NORSRAM_Init                        0x08000619   Thumb Code   112  stm32f4xx_ll_fsmc.o(.text.FSMC_NORSRAM_Init)
    FSMC_NORSRAM_Timing_Init                 0x08000689   Thumb Code    66  stm32f4xx_ll_fsmc.o(.text.FSMC_NORSRAM_Timing_Init)
    Gray8toGary16                            0x080006cb   Thumb Code    20  imageprocess.o(.text.Gray8toGary16)
    HAL_DCMI_ErrorCallback                   0x080006df   Thumb Code     2  stm32f4xx_hal_dcmi.o(.text.HAL_DCMI_ErrorCallback)
    HAL_DCMI_FrameEventCallback              0x080006e1   Thumb Code    24  ov2640.o(.text.HAL_DCMI_FrameEventCallback)
    HAL_DCMI_Init                            0x080006f9   Thumb Code   112  stm32f4xx_hal_dcmi_ex.o(.text.HAL_DCMI_Init)
    HAL_DCMI_MspInit                         0x08000769   Thumb Code   250  ov2640.o(.text.HAL_DCMI_MspInit)
    HAL_DCMI_Start_DMA                       0x08000865   Thumb Code   204  stm32f4xx_hal_dcmi.o(.text.HAL_DCMI_Start_DMA)
    HAL_DMAEx_ChangeMemory                   0x08000931   Thumb Code    16  stm32f4xx_hal_dma_ex.o(.text.HAL_DMAEx_ChangeMemory)
    HAL_DMAEx_MultiBufferStart_IT            0x08000941   Thumb Code   778  stm32f4xx_hal_dma_ex.o(.text.HAL_DMAEx_MultiBufferStart_IT)
    HAL_DMA_Init                             0x08000c4d   Thumb Code   334  stm32f4xx_hal_dma.o(.text.HAL_DMA_Init)
    HAL_DMA_Start_IT                         0x08000d9b   Thumb Code   170  stm32f4xx_hal_dma.o(.text.HAL_DMA_Start_IT)
    HAL_Delay                                0x08000e45   Thumb Code    40  stm32f4xx_hal.o(.text.HAL_Delay)
    HAL_GPIO_Init                            0x08000e6d   Thumb Code   412  stm32f4xx_hal_gpio.o(.text.HAL_GPIO_Init)
    HAL_GPIO_WritePin                        0x08001009   Thumb Code    10  stm32f4xx_hal_gpio.o(.text.HAL_GPIO_WritePin)
    HAL_GetTick                              0x08001013   Thumb Code    12  stm32f4xx_hal.o(.text.HAL_GetTick)
    HAL_IncTick                              0x0800101f   Thumb Code    26  stm32f4xx_hal.o(.text.HAL_IncTick)
    HAL_Init                                 0x08001039   Thumb Code    54  stm32f4xx_hal.o(.text.HAL_Init)
    HAL_InitTick                             0x0800106f   Thumb Code   132  timebase.o(.text.HAL_InitTick)
    HAL_MspInit                              0x080010f3   Thumb Code     2  stm32f4xx_hal.o(.text.HAL_MspInit)
    HAL_NVIC_EnableIRQ                       0x080010f5   Thumb Code    30  stm32f4xx_hal_cortex.o(.text.HAL_NVIC_EnableIRQ)
    HAL_NVIC_SetPriority                     0x08001113   Thumb Code    92  stm32f4xx_hal_cortex.o(.text.HAL_NVIC_SetPriority)
    HAL_NVIC_SetPriorityGrouping             0x0800116f   Thumb Code    32  stm32f4xx_hal_cortex.o(.text.HAL_NVIC_SetPriorityGrouping)
    HAL_RCC_ClockConfig                      0x08001191   Thumb Code   332  stm32f4xx_hal_rcc.o(.text.HAL_RCC_ClockConfig)
    HAL_RCC_EnableCSS                        0x080012dd   Thumb Code    12  stm32f4xx_hal_rcc.o(.text.HAL_RCC_EnableCSS)
    HAL_RCC_GetClockConfig                   0x080012e9   Thumb Code    62  stm32f4xx_hal_rcc.o(.text.HAL_RCC_GetClockConfig)
    HAL_RCC_GetPCLK2Freq                     0x08001327   Thumb Code    38  stm32f4xx_hal_rcc.o(.text.HAL_RCC_GetPCLK2Freq)
    HAL_RCC_GetSysClockFreq                  0x0800134d   Thumb Code   106  stm32f4xx_hal_rcc.o(.text.HAL_RCC_GetSysClockFreq)
    HAL_RCC_OscConfig                        0x080013b9   Thumb Code   752  stm32f4xx_hal_rcc.o(.text.HAL_RCC_OscConfig)
    HAL_SPI_Init                             0x080016a9   Thumb Code   132  stm32f4xx_hal_spi.o(.text.HAL_SPI_Init)
    HAL_SPI_MspInit                          0x0800172d   Thumb Code   112  lcd.o(.text.HAL_SPI_MspInit)
    HAL_SRAM_Init                            0x0800179d   Thumb Code    84  stm32f4xx_hal_sram.o(.text.HAL_SRAM_Init)
    HAL_SRAM_MspInit                         0x080017f1   Thumb Code     2  stm32f4xx_hal_sram.o(.text.HAL_SRAM_MspInit)
    HAL_TIMEx_BreakCallback                  0x080017f3   Thumb Code     2  stm32f4xx_hal_tim_ex.o(.text.HAL_TIMEx_BreakCallback)
    HAL_TIMEx_CommutationCallback            0x080017f5   Thumb Code     2  stm32f4xx_hal_tim_ex.o(.text.HAL_TIMEx_CommutationCallback)
    HAL_TIM_Base_Init                        0x080017f7   Thumb Code    52  stm32f4xx_hal_tim.o(.text.HAL_TIM_Base_Init)
    HAL_TIM_Base_MspInit                     0x0800182b   Thumb Code     2  stm32f4xx_hal_tim.o(.text.HAL_TIM_Base_MspInit)
    HAL_TIM_Base_Start_IT                    0x0800182d   Thumb Code    22  stm32f4xx_hal_tim.o(.text.HAL_TIM_Base_Start_IT)
    HAL_TIM_IC_CaptureCallback               0x08001843   Thumb Code     2  stm32f4xx_hal_tim.o(.text.HAL_TIM_IC_CaptureCallback)
    HAL_TIM_IRQHandler                       0x08001845   Thumb Code   362  stm32f4xx_hal_tim.o(.text.HAL_TIM_IRQHandler)
    HAL_TIM_OC_DelayElapsedCallback          0x080019af   Thumb Code     2  stm32f4xx_hal_tim.o(.text.HAL_TIM_OC_DelayElapsedCallback)
    HAL_TIM_PWM_PulseFinishedCallback        0x080019b1   Thumb Code     2  stm32f4xx_hal_tim.o(.text.HAL_TIM_PWM_PulseFinishedCallback)
    HAL_TIM_PeriodElapsedCallback            0x080019b3   Thumb Code    20  timebase.o(.text.HAL_TIM_PeriodElapsedCallback)
    HAL_TIM_TriggerCallback                  0x080019c7   Thumb Code     2  stm32f4xx_hal_tim.o(.text.HAL_TIM_TriggerCallback)
    LCD_Clear                                0x080019c9   Thumb Code    64  lcd.o(.text.LCD_Clear)
    LCD_Display_Dir                          0x08001a09   Thumb Code    70  lcd.o(.text.LCD_Display_Dir)
    LCD_DrawLine                             0x08001a51   Thumb Code   226  lcd.o(.text.LCD_DrawLine)
    LCD_Fast_DrawPoint                       0x08001b33   Thumb Code    76  lcd.o(.text.LCD_Fast_DrawPoint)
    LCD_Fill                                 0x08001b81   Thumb Code    60  lcd.o(.text.LCD_Fill)
    LCD_Init                                 0x08001bbd   Thumb Code  1006  lcd.o(.text.LCD_Init)
    LCD_Scan_Dir                             0x08001fad   Thumb Code   102  lcd.o(.text.LCD_Scan_Dir)
    LCD_Set_Window                           0x08002013   Thumb Code   100  lcd.o(.text.LCD_Set_Window)
    LCD_WriteRAM_Prepare                     0x08002077   Thumb Code    24  lcd.o(.text.LCD_WriteRAM_Prepare)
    OV2640_DMAOutput                         0x08002091   Thumb Code    96  ov2640.o(.text.OV2640_DMAOutput)
    OV2640_FrameReady                        0x080020f1   Thumb Code   304  main.o(.text.OV2640_FrameReady)
    OV2640_ImageSize_Set                     0x08002221   Thumb Code    76  ov2640.o(.text.OV2640_ImageSize_Set)
    OV2640_ImageWin_Set                      0x0800226d   Thumb Code   142  ov2640.o(.text.OV2640_ImageWin_Set)
    OV2640_Init                              0x080022fd   Thumb Code   480  ov2640.o(.text.OV2640_Init)
    OV2640_LED                               0x080024dd   Thumb Code    26  ov2640.o(.text.OV2640_LED)
    OV2640_OutSize_Set                       0x080024f7   Thumb Code    94  ov2640.o(.text.OV2640_OutSize_Set)
    OV2640_OutStart                          0x08002555   Thumb Code    56  ov2640.o(.text.OV2640_OutStart)
    OV2640_RGB565_Mode                       0x0800258d   Thumb Code    34  ov2640.o(.text.OV2640_RGB565_Mode)
    PendSV_Handler                           0x080025b1   Thumb Code   100  port.o(.text.PendSV_Handler)
    RGB_to_gray                              0x08002615   Thumb Code    90  imageprocess.o(.text.RGB_to_gray)
    SCCB_Init                                0x0800266f   Thumb Code    98  sccb.o(.text.SCCB_Init)
    SCCB_No_Ack                              0x080026d1   Thumb Code   178  sccb.o(.text.SCCB_No_Ack)
    SCCB_RD_Byte                             0x08002785   Thumb Code   170  sccb.o(.text.SCCB_RD_Byte)
    SCCB_RD_Reg                              0x08002831   Thumb Code   172  sccb.o(.text.SCCB_RD_Reg)
    SCCB_Start                               0x080028dd   Thumb Code   122  sccb.o(.text.SCCB_Start)
    SCCB_Stop                                0x08002959   Thumb Code   138  sccb.o(.text.SCCB_Stop)
    SCCB_WR_Byte                             0x080029e5   Thumb Code   244  sccb.o(.text.SCCB_WR_Byte)
    SCCB_WR_Reg                              0x08002ad9   Thumb Code   100  sccb.o(.text.SCCB_WR_Reg)
    SVC_Handler                              0x08002b41   Thumb Code    36  port.o(.text.SVC_Handler)
    Sobel_Gradient                           0x08002b65   Thumb Code   134  imageprocess.o(.text.Sobel_Gradient)
    SysTick_Handler                          0x08002beb   Thumb Code    30  cmsis_os2.o(.text.SysTick_Handler)
    SystemClock_Config                       0x08002c09   Thumb Code   166  main.o(.text.SystemClock_Config)
    SystemInit                               0x08002caf   Thumb Code    88  system_stm32f4xx.o(.text.SystemInit)
    TIM8_UP_TIM13_IRQHandler                 0x08002d07   Thumb Code    12  irqhandler.o(.text.TIM8_UP_TIM13_IRQHandler)
    TIM_Base_SetConfig                       0x08002d13   Thumb Code   278  stm32f4xx_hal_tim.o(.text.TIM_Base_SetConfig)
    _mutex_acquire                           0x08002e29   Thumb Code    44  clib_arm.o(.text._mutex_acquire)
    _mutex_free                              0x08002e55   Thumb Code    48  clib_arm.o(.text._mutex_free)
    _mutex_initialize                        0x08002e85   Thumb Code    98  clib_arm.o(.text._mutex_initialize)
    _mutex_release                           0x08002ee7   Thumb Code    46  clib_arm.o(.text._mutex_release)
    _platform_post_stackheap_init            0x08002f15   Thumb Code     2  clib_arm.o(.text._platform_post_stackheap_init)
    find_circle                              0x08002f19   Thumb Code   626  imageprocess.o(.text.find_circle)
    main                                     0x0800318d   Thumb Code   166  main.o(.text.main)
    pvPortMalloc                             0x080033ed   Thumb Code   340  heap_4.o(.text.pvPortMalloc)
    pvTaskIncrementMutexHeldCount            0x08003541   Thumb Code    24  tasks.o(.text.pvTaskIncrementMutexHeldCount)
    uxListRemove                             0x08003559   Thumb Code    34  list.o(.text.uxListRemove)
    vApplicationStackOverflowHook            0x0800357b   Thumb Code     2  cmsis_os2.o(.text.vApplicationStackOverflowHook)
    vListInitialise                          0x0800357d   Thumb Code    22  list.o(.text.vListInitialise)
    vListInsert                              0x08003595   Thumb Code    58  list.o(.text.vListInsert)
    vListInsertEnd                           0x080035cf   Thumb Code    24  list.o(.text.vListInsertEnd)
    vPortEnterCritical                       0x080035e7   Thumb Code    32  port.o(.text.vPortEnterCritical)
    vPortExitCritical                        0x08003607   Thumb Code    26  port.o(.text.vPortExitCritical)
    vPortFree                                0x08003621   Thumb Code    84  heap_4.o(.text.vPortFree)
    vQueueDelete                             0x08003675   Thumb Code    14  queue.o(.text.vQueueDelete)
    vTaskInternalSetTimeOutState             0x08003683   Thumb Code    26  tasks.o(.text.vTaskInternalSetTimeOutState)
    vTaskMissedYield                         0x0800369d   Thumb Code    14  tasks.o(.text.vTaskMissedYield)
    vTaskPlaceOnEventList                    0x080036ab   Thumb Code    32  tasks.o(.text.vTaskPlaceOnEventList)
    vTaskPriorityDisinheritAfterTimeout      0x080036cb   Thumb Code   108  tasks.o(.text.vTaskPriorityDisinheritAfterTimeout)
    vTaskSuspendAll                          0x08003737   Thumb Code    16  tasks.o(.text.vTaskSuspendAll)
    vTaskSwitchContext                       0x08003749   Thumb Code   164  tasks.o(.text.vTaskSwitchContext)
    xPortSysTickHandler                      0x080037ed   Thumb Code    46  port.o(.text.xPortSysTickHandler)
    xQueueCreateMutex                        0x0800381b   Thumb Code    40  queue.o(.text.xQueueCreateMutex)
    xQueueCreateMutexStatic                  0x08003843   Thumb Code    56  queue.o(.text.xQueueCreateMutexStatic)
    xQueueGenericCreate                      0x0800387b   Thumb Code    70  queue.o(.text.xQueueGenericCreate)
    xQueueGenericReset                       0x080038c1   Thumb Code   112  queue.o(.text.xQueueGenericReset)
    xQueueGenericSend                        0x08003931   Thumb Code   320  queue.o(.text.xQueueGenericSend)
    xQueueSemaphoreTake                      0x08003a71   Thumb Code   350  queue.o(.text.xQueueSemaphoreTake)
    xTaskCheckForTimeOut                     0x08003bcf   Thumb Code    92  tasks.o(.text.xTaskCheckForTimeOut)
    xTaskGetSchedulerState                   0x08003c2b   Thumb Code    36  tasks.o(.text.xTaskGetSchedulerState)
    xTaskIncrementTick                       0x08003c51   Thumb Code   350  tasks.o(.text.xTaskIncrementTick)
    xTaskPriorityDisinherit                  0x08003daf   Thumb Code    92  tasks.o(.text.xTaskPriorityDisinherit)
    xTaskPriorityInherit                     0x08003e0b   Thumb Code   142  tasks.o(.text.xTaskPriorityInherit)
    xTaskRemoveFromEventList                 0x08003e99   Thumb Code   122  tasks.o(.text.xTaskRemoveFromEventList)
    xTaskResumeAll                           0x08003f15   Thumb Code   294  tasks.o(.text.xTaskResumeAll)
    _fp_init                                 0x0800403b   Thumb Code    26  fpinit.o(x$fpl$fpinit)
    __fplib_config_fpu_vfp                   0x08004053   Thumb Code     0  fpinit.o(x$fpl$fpinit)
    __fplib_config_pureend_doubles           0x08004053   Thumb Code     0  fpinit.o(x$fpl$fpinit)
    AHBPrescTable                            0x08004054   Data          16  system_stm32f4xx.o(.rodata.AHBPrescTable)
    APBPrescTable                            0x08004064   Data           8  system_stm32f4xx.o(.rodata.APBPrescTable)
    Region$$Table$$Base                      0x080041f4   Number         0  anon$$obj.o(Region$$Table)
    Region$$Table$$Limit                     0x08004234   Number         0  anon$$obj.o(Region$$Table)
    GrayImage                                0x10000000   Data       53824  imageprocess.o(.ARM.__at_0x10000000)
    Centers                                  0x1000d240   Data        2400  imageprocess.o(.ARM.__at_0x1000d240)
    pxCurrentTCB                             0x1000dba8   Data           4  tasks.o(.bss.pxCurrentTCB)
    RGBYUVImage                              0x20000000   Data       107648  imageprocess.o(.ARM.__at_0x20000000)
    LCD                                      0x2001a480   Data           4  lcd.o(.data.LCD)
    SystemCoreClock                          0x2001a484   Data           4  system_stm32f4xx.o(.data.SystemCoreClock)
    uwTickFreq                               0x2001a488   Data           1  stm32f4xx_hal.o(.data.uwTickFreq)
    __libspace_start                         0x2001a48c   Data          96  libspace.o(.bss)
    __temporary_stack_top$libspace           0x2001a4ec   Data           0  libspace.o(.bss)
    POINT_COLOR                              0x2001a4ee   Data           2  lcd.o(.bss.POINT_COLOR)
    hdcmi                                    0x2001a694   Data          64  ov2640.o(.bss.hdcmi)
    hdma_dcmi                                0x2001a6d4   Data          96  ov2640.o(.bss.hdma_dcmi)
    hspi2                                    0x2001a734   Data          88  lcd.o(.bss.hspi2)
    hsram1                                   0x2001a78c   Data          80  lcd.o(.bss.hsram1)
    htim8                                    0x2001a7dc   Data          60  timebase.o(.bss.htim8)
    lcddev                                   0x2001a818   Data          16  lcd.o(.bss.lcddev)
    uwTick                                   0x2001a82c   Data           4  stm32f4xx_hal.o(.bss.uwTick)



==============================================================================

Memory Map of the image

  Image Entry point : 0x08000189

  Load Region LR_IROM1 (Base: 0x08000000, Size: 0x0002c26c, Max: 0x00080000, ABSOLUTE, COMPRESSED[0x0000475c])

    Execution Region ER_IROM1 (Exec base: 0x08000000, Load base: 0x08000000, Size: 0x00004234, Max: 0x00080000, ABSOLUTE)

    Exec Addr    Load Addr    Size         Type   Attr      Idx    E Section Name        Object

    0x08000000   0x08000000   0x00000188   Data   RO         1312    RESET               startup_stm32f407xx.o
    0x08000188   0x08000188   0x00000008   Code   RO         1736  * !!!main             c_w.l(__main.o)
    0x08000190   0x08000190   0x00000034   Code   RO         1911    !!!scatter          c_w.l(__scatter.o)
    0x080001c4   0x080001c4   0x0000003a   Code   RO         1909    !!dczerorl          c_w.l(__dczerorl.o)
    0x080001fe   0x080001fe   0x00000002   PAD
    0x08000200   0x08000200   0x0000001c   Code   RO         1913    !!handler_zi        c_w.l(__scatter_zi.o)
    0x0800021c   0x0800021c   0x00000002   Code   RO         1773    .ARM.Collect$$libinit$$00000000  c_w.l(libinit.o)
    0x0800021e   0x0800021e   0x00000004   Code   RO         1785    .ARM.Collect$$libinit$$00000001  c_w.l(libinit2.o)
    0x08000222   0x08000222   0x00000000   Code   RO         1788    .ARM.Collect$$libinit$$00000004  c_w.l(libinit2.o)
    0x08000222   0x08000222   0x00000000   Code   RO         1791    .ARM.Collect$$libinit$$0000000A  c_w.l(libinit2.o)
    0x08000222   0x08000222   0x00000000   Code   RO         1793    .ARM.Collect$$libinit$$0000000C  c_w.l(libinit2.o)
    0x08000222   0x08000222   0x00000000   Code   RO         1795    .ARM.Collect$$libinit$$0000000E  c_w.l(libinit2.o)
    0x08000222   0x08000222   0x00000000   Code   RO         1798    .ARM.Collect$$libinit$$00000011  c_w.l(libinit2.o)
    0x08000222   0x08000222   0x00000000   Code   RO         1800    .ARM.Collect$$libinit$$00000013  c_w.l(libinit2.o)
    0x08000222   0x08000222   0x00000000   Code   RO         1802    .ARM.Collect$$libinit$$00000015  c_w.l(libinit2.o)
    0x08000222   0x08000222   0x00000000   Code   RO         1804    .ARM.Collect$$libinit$$00000017  c_w.l(libinit2.o)
    0x08000222   0x08000222   0x00000000   Code   RO         1806    .ARM.Collect$$libinit$$00000019  c_w.l(libinit2.o)
    0x08000222   0x08000222   0x00000000   Code   RO         1808    .ARM.Collect$$libinit$$0000001B  c_w.l(libinit2.o)
    0x08000222   0x08000222   0x00000000   Code   RO         1810    .ARM.Collect$$libinit$$0000001D  c_w.l(libinit2.o)
    0x08000222   0x08000222   0x00000000   Code   RO         1812    .ARM.Collect$$libinit$$0000001F  c_w.l(libinit2.o)
    0x08000222   0x08000222   0x00000000   Code   RO         1814    .ARM.Collect$$libinit$$00000021  c_w.l(libinit2.o)
    0x08000222   0x08000222   0x00000000   Code   RO         1816    .ARM.Collect$$libinit$$00000023  c_w.l(libinit2.o)
    0x08000222   0x08000222   0x00000000   Code   RO         1818    .ARM.Collect$$libinit$$00000025  c_w.l(libinit2.o)
    0x08000222   0x08000222   0x00000000   Code   RO         1822    .ARM.Collect$$libinit$$0000002C  c_w.l(libinit2.o)
    0x08000222   0x08000222   0x00000000   Code   RO         1824    .ARM.Collect$$libinit$$0000002E  c_w.l(libinit2.o)
    0x08000222   0x08000222   0x00000000   Code   RO         1826    .ARM.Collect$$libinit$$00000030  c_w.l(libinit2.o)
    0x08000222   0x08000222   0x00000000   Code   RO         1828    .ARM.Collect$$libinit$$00000032  c_w.l(libinit2.o)
    0x08000222   0x08000222   0x00000002   Code   RO         1829    .ARM.Collect$$libinit$$00000033  c_w.l(libinit2.o)
    0x08000224   0x08000224   0x00000002   Code   RO         1864    .ARM.Collect$$libshutdown$$00000000  c_w.l(libshutdown.o)
    0x08000226   0x08000226   0x00000000   Code   RO         1892    .ARM.Collect$$libshutdown$$00000002  c_w.l(libshutdown2.o)
    0x08000226   0x08000226   0x00000000   Code   RO         1894    .ARM.Collect$$libshutdown$$00000004  c_w.l(libshutdown2.o)
    0x08000226   0x08000226   0x00000000   Code   RO         1897    .ARM.Collect$$libshutdown$$00000007  c_w.l(libshutdown2.o)
    0x08000226   0x08000226   0x00000000   Code   RO         1900    .ARM.Collect$$libshutdown$$0000000A  c_w.l(libshutdown2.o)
    0x08000226   0x08000226   0x00000000   Code   RO         1902    .ARM.Collect$$libshutdown$$0000000C  c_w.l(libshutdown2.o)
    0x08000226   0x08000226   0x00000000   Code   RO         1905    .ARM.Collect$$libshutdown$$0000000F  c_w.l(libshutdown2.o)
    0x08000226   0x08000226   0x00000002   Code   RO         1906    .ARM.Collect$$libshutdown$$00000010  c_w.l(libshutdown2.o)
    0x08000228   0x08000228   0x00000000   Code   RO         1738    .ARM.Collect$$rtentry$$00000000  c_w.l(__rtentry.o)
    0x08000228   0x08000228   0x00000000   Code   RO         1746    .ARM.Collect$$rtentry$$00000002  c_w.l(__rtentry2.o)
    0x08000228   0x08000228   0x00000006   Code   RO         1758    .ARM.Collect$$rtentry$$00000004  c_w.l(__rtentry4.o)
    0x0800022e   0x0800022e   0x00000008   Code   RO         1747    .ARM.Collect$$rtentry$$00000008  c_w.l(__rtentry2.o)
    0x08000236   0x08000236   0x00000004   Code   RO         1749    .ARM.Collect$$rtentry$$0000000A  c_w.l(__rtentry2.o)
    0x0800023a   0x0800023a   0x00000000   Code   RO         1751    .ARM.Collect$$rtentry$$0000000C  c_w.l(__rtentry2.o)
    0x0800023a   0x0800023a   0x00000008   Code   RO         1752    .ARM.Collect$$rtentry$$0000000D  c_w.l(__rtentry2.o)
    0x08000242   0x08000242   0x00000002   Code   RO         1777    .ARM.Collect$$rtexit$$00000000  c_w.l(rtexit.o)
    0x08000244   0x08000244   0x00000000   Code   RO         1835    .ARM.Collect$$rtexit$$00000002  c_w.l(rtexit2.o)
    0x08000244   0x08000244   0x00000004   Code   RO         1836    .ARM.Collect$$rtexit$$00000003  c_w.l(rtexit2.o)
    0x08000248   0x08000248   0x00000006   Code   RO         1837    .ARM.Collect$$rtexit$$00000004  c_w.l(rtexit2.o)
    0x0800024e   0x0800024e   0x00000002   PAD
    0x08000250   0x08000250   0x00000040   Code   RO         1313    .text               startup_stm32f407xx.o
    0x08000290   0x08000290   0x000000ee   Code   RO         1726    .text               c_w.l(lludivv7m.o)
    0x0800037e   0x0800037e   0x0000008a   Code   RO         1728    .text               c_w.l(rt_memcpy_v6.o)
    0x08000408   0x08000408   0x0000004e   Code   RO         1732    .text               c_w.l(rt_memclr_w.o)
    0x08000456   0x08000456   0x00000006   Code   RO         1734    .text               c_w.l(heapauxi.o)
    0x0800045c   0x0800045c   0x00000064   Code   RO         1743    .text               c_w.l(rt_memcpy_w.o)
    0x080004c0   0x080004c0   0x0000004a   Code   RO         1762    .text               c_w.l(sys_stackheap_outer.o)
    0x0800050a   0x0800050a   0x00000012   Code   RO         1764    .text               c_w.l(exit.o)
    0x0800051c   0x0800051c   0x00000008   Code   RO         1774    .text               c_w.l(libspace.o)
    0x08000524   0x08000524   0x0000000c   Code   RO         1830    .text               c_w.l(sys_exit.o)
    0x08000530   0x08000530   0x00000002   Code   RO         1853    .text               c_w.l(use_no_semi.o)
    0x08000532   0x08000532   0x00000000   Code   RO         1855    .text               c_w.l(indicate_semi.o)
    0x08000532   0x08000532   0x00000014   Code   RO          569    .text.DCMI_DMAError  stm32f4xx_hal_dcmi.o
    0x08000546   0x08000546   0x00000082   Code   RO          567    .text.DCMI_DMAXferCplt  stm32f4xx_hal_dcmi.o
    0x080005c8   0x080005c8   0x0000000c   Code   RO           22    .text.DCMI_IRQHandler  irqhandler.o
    0x080005d4   0x080005d4   0x00000044   Code   RO         1272    .text.FSMC_NORSRAM_Extended_Timing_Init  stm32f4xx_ll_fsmc.o
    0x08000618   0x08000618   0x00000070   Code   RO         1266    .text.FSMC_NORSRAM_Init  stm32f4xx_ll_fsmc.o
    0x08000688   0x08000688   0x00000042   Code   RO         1270    .text.FSMC_NORSRAM_Timing_Init  stm32f4xx_ll_fsmc.o
    0x080006ca   0x080006ca   0x00000014   Code   RO           52    .text.Gray8toGary16  imageprocess.o
    0x080006de   0x080006de   0x00000002   Code   RO          585    .text.HAL_DCMI_ErrorCallback  stm32f4xx_hal_dcmi.o
    0x080006e0   0x080006e0   0x00000018   Code   RO          171    .text.HAL_DCMI_FrameEventCallback  ov2640.o
    0x080006f8   0x080006f8   0x00000070   Code   RO          606    .text.HAL_DCMI_Init  stm32f4xx_hal_dcmi_ex.o
    0x08000768   0x08000768   0x000000fa   Code   RO          157    .text.HAL_DCMI_MspInit  ov2640.o
    0x08000862   0x08000862   0x00000002   PAD
    0x08000864   0x08000864   0x000000cc   Code   RO          565    .text.HAL_DCMI_Start_DMA  stm32f4xx_hal_dcmi.o
    0x08000930   0x08000930   0x00000010   Code   RO          654    .text.HAL_DMAEx_ChangeMemory  stm32f4xx_hal_dma_ex.o
    0x08000940   0x08000940   0x0000030a   Code   RO          652    .text.HAL_DMAEx_MultiBufferStart_IT  stm32f4xx_hal_dma_ex.o
    0x08000c4a   0x08000c4a   0x00000002   PAD
    0x08000c4c   0x08000c4c   0x0000014e   Code   RO          616    .text.HAL_DMA_Init  stm32f4xx_hal_dma.o
    0x08000d9a   0x08000d9a   0x000000aa   Code   RO          622    .text.HAL_DMA_Start_IT  stm32f4xx_hal_dma.o
    0x08000e44   0x08000e44   0x00000028   Code   RO          468    .text.HAL_Delay     stm32f4xx_hal.o
    0x08000e6c   0x08000e6c   0x0000019c   Code   RO          665    .text.HAL_GPIO_Init  stm32f4xx_hal_gpio.o
    0x08001008   0x08001008   0x0000000a   Code   RO          671    .text.HAL_GPIO_WritePin  stm32f4xx_hal_gpio.o
    0x08001012   0x08001012   0x0000000c   Code   RO          460    .text.HAL_GetTick   stm32f4xx_hal.o
    0x0800101e   0x0800101e   0x0000001a   Code   RO          458    .text.HAL_IncTick   stm32f4xx_hal.o
    0x08001038   0x08001038   0x00000036   Code   RO          448    .text.HAL_Init      stm32f4xx_hal.o
    0x0800106e   0x0800106e   0x00000084   Code   RO           32    .text.HAL_InitTick  timebase.o
    0x080010f2   0x080010f2   0x00000002   Code   RO          452    .text.HAL_MspInit   stm32f4xx_hal.o
    0x080010f4   0x080010f4   0x0000001e   Code   RO          514    .text.HAL_NVIC_EnableIRQ  stm32f4xx_hal_cortex.o
    0x08001112   0x08001112   0x0000005c   Code   RO          512    .text.HAL_NVIC_SetPriority  stm32f4xx_hal_cortex.o
    0x0800116e   0x0800116e   0x00000020   Code   RO          510    .text.HAL_NVIC_SetPriorityGrouping  stm32f4xx_hal_cortex.o
    0x0800118e   0x0800118e   0x00000002   PAD
    0x08001190   0x08001190   0x0000014c   Code   RO          758    .text.HAL_RCC_ClockConfig  stm32f4xx_hal_rcc.o
    0x080012dc   0x080012dc   0x0000000c   Code   RO          764    .text.HAL_RCC_EnableCSS  stm32f4xx_hal_rcc.o
    0x080012e8   0x080012e8   0x0000003e   Code   RO          776    .text.HAL_RCC_GetClockConfig  stm32f4xx_hal_rcc.o
    0x08001326   0x08001326   0x00000026   Code   RO          772    .text.HAL_RCC_GetPCLK2Freq  stm32f4xx_hal_rcc.o
    0x0800134c   0x0800134c   0x0000006a   Code   RO          760    .text.HAL_RCC_GetSysClockFreq  stm32f4xx_hal_rcc.o
    0x080013b6   0x080013b6   0x00000002   PAD
    0x080013b8   0x080013b8   0x000002f0   Code   RO          756    .text.HAL_RCC_OscConfig  stm32f4xx_hal_rcc.o
    0x080016a8   0x080016a8   0x00000084   Code   RO          812    .text.HAL_SPI_Init  stm32f4xx_hal_spi.o
    0x0800172c   0x0800172c   0x00000070   Code   RO          112    .text.HAL_SPI_MspInit  lcd.o
    0x0800179c   0x0800179c   0x00000054   Code   RO          935    .text.HAL_SRAM_Init  stm32f4xx_hal_sram.o
    0x080017f0   0x080017f0   0x00000002   Code   RO          937    .text.HAL_SRAM_MspInit  stm32f4xx_hal_sram.o
    0x080017f2   0x080017f2   0x00000002   Code   RO         1253    .text.HAL_TIMEx_BreakCallback  stm32f4xx_hal_tim_ex.o
    0x080017f4   0x080017f4   0x00000002   Code   RO         1251    .text.HAL_TIMEx_CommutationCallback  stm32f4xx_hal_tim_ex.o
    0x080017f6   0x080017f6   0x00000034   Code   RO          978    .text.HAL_TIM_Base_Init  stm32f4xx_hal_tim.o
    0x0800182a   0x0800182a   0x00000002   Code   RO          980    .text.HAL_TIM_Base_MspInit  stm32f4xx_hal_tim.o
    0x0800182c   0x0800182c   0x00000016   Code   RO          992    .text.HAL_TIM_Base_Start_IT  stm32f4xx_hal_tim.o
    0x08001842   0x08001842   0x00000002   Code   RO         1108    .text.HAL_TIM_IC_CaptureCallback  stm32f4xx_hal_tim.o
    0x08001844   0x08001844   0x0000016a   Code   RO         1106    .text.HAL_TIM_IRQHandler  stm32f4xx_hal_tim.o
    0x080019ae   0x080019ae   0x00000002   Code   RO         1110    .text.HAL_TIM_OC_DelayElapsedCallback  stm32f4xx_hal_tim.o
    0x080019b0   0x080019b0   0x00000002   Code   RO         1112    .text.HAL_TIM_PWM_PulseFinishedCallback  stm32f4xx_hal_tim.o
    0x080019b2   0x080019b2   0x00000014   Code   RO           38    .text.HAL_TIM_PeriodElapsedCallback  timebase.o
    0x080019c6   0x080019c6   0x00000002   Code   RO         1116    .text.HAL_TIM_TriggerCallback  stm32f4xx_hal_tim.o
    0x080019c8   0x080019c8   0x00000040   Code   RO          116    .text.LCD_Clear     lcd.o
    0x08001a08   0x08001a08   0x00000046   Code   RO          102    .text.LCD_Display_Dir  lcd.o
    0x08001a4e   0x08001a4e   0x00000002   PAD
    0x08001a50   0x08001a50   0x000000e2   Code   RO          122    .text.LCD_DrawLine  lcd.o
    0x08001b32   0x08001b32   0x0000004c   Code   RO          108    .text.LCD_Fast_DrawPoint  lcd.o
    0x08001b7e   0x08001b7e   0x00000002   PAD
    0x08001b80   0x08001b80   0x0000003c   Code   RO          118    .text.LCD_Fill      lcd.o
    0x08001bbc   0x08001bbc   0x000003ee   Code   RO          114    .text.LCD_Init      lcd.o
    0x08001faa   0x08001faa   0x00000002   PAD
    0x08001fac   0x08001fac   0x00000066   Code   RO          104    .text.LCD_Scan_Dir  lcd.o
    0x08002012   0x08002012   0x00000064   Code   RO          110    .text.LCD_Set_Window  lcd.o
    0x08002076   0x08002076   0x00000018   Code   RO           84    .text.LCD_WriteRAM_Prepare  lcd.o
    0x0800208e   0x0800208e   0x00000002   PAD
    0x08002090   0x08002090   0x00000060   Code   RO          159    .text.OV2640_DMAOutput  ov2640.o
    0x080020f0   0x080020f0   0x00000130   Code   RO            6    .text.OV2640_FrameReady  main.o
    0x08002220   0x08002220   0x0000004c   Code   RO          201    .text.OV2640_ImageSize_Set  ov2640.o
    0x0800226c   0x0800226c   0x0000008e   Code   RO          199    .text.OV2640_ImageWin_Set  ov2640.o
    0x080022fa   0x080022fa   0x00000002   PAD
    0x080022fc   0x080022fc   0x000001e0   Code   RO          173    .text.OV2640_Init   ov2640.o
    0x080024dc   0x080024dc   0x0000001a   Code   RO          175    .text.OV2640_LED    ov2640.o
    0x080024f6   0x080024f6   0x0000005e   Code   RO          197    .text.OV2640_OutSize_Set  ov2640.o
    0x08002554   0x08002554   0x00000038   Code   RO          161    .text.OV2640_OutStart  ov2640.o
    0x0800258c   0x0800258c   0x00000022   Code   RO          179    .text.OV2640_RGB565_Mode  ov2640.o
    0x080025ae   0x080025ae   0x00000002   PAD
    0x080025b0   0x080025b0   0x00000064   Code   RO         1413    .text.PendSV_Handler  port.o
    0x08002614   0x08002614   0x0000005a   Code   RO           54    .text.RGB_to_gray   imageprocess.o
    0x0800266e   0x0800266e   0x00000062   Code   RO          221    .text.SCCB_Init     sccb.o
    0x080026d0   0x080026d0   0x000000b2   Code   RO          227    .text.SCCB_No_Ack   sccb.o
    0x08002782   0x08002782   0x00000002   PAD
    0x08002784   0x08002784   0x000000aa   Code   RO          231    .text.SCCB_RD_Byte  sccb.o
    0x0800282e   0x0800282e   0x00000002   PAD
    0x08002830   0x08002830   0x000000ac   Code   RO          235    .text.SCCB_RD_Reg   sccb.o
    0x080028dc   0x080028dc   0x0000007a   Code   RO          223    .text.SCCB_Start    sccb.o
    0x08002956   0x08002956   0x00000002   PAD
    0x08002958   0x08002958   0x0000008a   Code   RO          225    .text.SCCB_Stop     sccb.o
    0x080029e2   0x080029e2   0x00000002   PAD
    0x080029e4   0x080029e4   0x000000f4   Code   RO          229    .text.SCCB_WR_Byte  sccb.o
    0x08002ad8   0x08002ad8   0x00000064   Code   RO          233    .text.SCCB_WR_Reg   sccb.o
    0x08002b3c   0x08002b3c   0x00000004   PAD
    0x08002b40   0x08002b40   0x00000024   Code   RO         1397    .text.SVC_Handler   port.o
    0x08002b64   0x08002b64   0x00000086   Code   RO           56    .text.Sobel_Gradient  imageprocess.o
    0x08002bea   0x08002bea   0x0000001e   Code   RO          272    .text.SysTick_Handler  cmsis_os2.o
    0x08002c08   0x08002c08   0x000000a6   Code   RO            2    .text.SystemClock_Config  main.o
    0x08002cae   0x08002cae   0x00000058   Code   RO         1320    .text.SystemInit    system_stm32f4xx.o
    0x08002d06   0x08002d06   0x0000000c   Code   RO           20    .text.TIM8_UP_TIM13_IRQHandler  irqhandler.o
    0x08002d12   0x08002d12   0x00000116   Code   RO          982    .text.TIM_Base_SetConfig  stm32f4xx_hal_tim.o
    0x08002e28   0x08002e28   0x0000002c   Code   RO          252    .text._mutex_acquire  clib_arm.o
    0x08002e54   0x08002e54   0x00000030   Code   RO          256    .text._mutex_free   clib_arm.o
    0x08002e84   0x08002e84   0x00000062   Code   RO          250    .text._mutex_initialize  clib_arm.o
    0x08002ee6   0x08002ee6   0x0000002e   Code   RO          254    .text._mutex_release  clib_arm.o
    0x08002f14   0x08002f14   0x00000002   Code   RO          246    .text._platform_post_stackheap_init  clib_arm.o
    0x08002f16   0x08002f16   0x00000002   PAD
    0x08002f18   0x08002f18   0x00000272   Code   RO           58    .text.find_circle   imageprocess.o
    0x0800318a   0x0800318a   0x00000002   PAD
    0x0800318c   0x0800318c   0x000000a6   Code   RO            8    .text.main          main.o
    0x08003232   0x08003232   0x00000084   Code   RO         1541    .text.prvAddCurrentTaskToDelayedList  tasks.o
    0x080032b6   0x080032b6   0x00000070   Code   RO         1480    .text.prvCopyDataToQueue  queue.o
    0x08003326   0x08003326   0x00000002   PAD
    0x08003328   0x08003328   0x00000050   Code   RO         1429    .text.prvInsertBlockIntoFreeList  heap_4.o
    0x08003378   0x08003378   0x00000072   Code   RO         1482    .text.prvUnlockQueue  queue.o
    0x080033ea   0x080033ea   0x00000002   PAD
    0x080033ec   0x080033ec   0x00000154   Code   RO         1427    .text.pvPortMalloc  heap_4.o
    0x08003540   0x08003540   0x00000018   Code   RO         1621    .text.pvTaskIncrementMutexHeldCount  tasks.o
    0x08003558   0x08003558   0x00000022   Code   RO         1382    .text.uxListRemove  list.o
    0x0800357a   0x0800357a   0x00000002   Code   RO          400    .text.vApplicationStackOverflowHook  cmsis_os2.o
    0x0800357c   0x0800357c   0x00000016   Code   RO         1374    .text.vListInitialise  list.o
    0x08003592   0x08003592   0x00000002   PAD
    0x08003594   0x08003594   0x0000003a   Code   RO         1380    .text.vListInsert   list.o
    0x080035ce   0x080035ce   0x00000018   Code   RO         1378    .text.vListInsertEnd  list.o
    0x080035e6   0x080035e6   0x00000020   Code   RO         1409    .text.vPortEnterCritical  port.o
    0x08003606   0x08003606   0x0000001a   Code   RO         1411    .text.vPortExitCritical  port.o
    0x08003620   0x08003620   0x00000054   Code   RO         1431    .text.vPortFree     heap_4.o
    0x08003674   0x08003674   0x0000000e   Code   RO         1502    .text.vQueueDelete  queue.o
    0x08003682   0x08003682   0x0000001a   Code   RO         1595    .text.vTaskInternalSetTimeOutState  tasks.o
    0x0800369c   0x0800369c   0x0000000e   Code   RO         1599    .text.vTaskMissedYield  tasks.o
    0x080036aa   0x080036aa   0x00000020   Code   RO         1583    .text.vTaskPlaceOnEventList  tasks.o
    0x080036ca   0x080036ca   0x0000006c   Code   RO         1617    .text.vTaskPriorityDisinheritAfterTimeout  tasks.o
    0x08003736   0x08003736   0x00000010   Code   RO         1539    .text.vTaskSuspendAll  tasks.o
    0x08003746   0x08003746   0x00000002   PAD
    0x08003748   0x08003748   0x000000a4   Code   RO         1557    .text.vTaskSwitchContext  tasks.o
    0x080037ec   0x080037ec   0x0000002e   Code   RO         1415    .text.xPortSysTickHandler  port.o
    0x0800381a   0x0800381a   0x00000028   Code   RO         1460    .text.xQueueCreateMutex  queue.o
    0x08003842   0x08003842   0x00000038   Code   RO         1462    .text.xQueueCreateMutexStatic  queue.o
    0x0800387a   0x0800387a   0x00000046   Code   RO         1458    .text.xQueueGenericCreate  queue.o
    0x080038c0   0x080038c0   0x00000070   Code   RO         1454    .text.xQueueGenericReset  queue.o
    0x08003930   0x08003930   0x00000140   Code   RO         1470    .text.xQueueGenericSend  queue.o
    0x08003a70   0x08003a70   0x0000015e   Code   RO         1474    .text.xQueueSemaphoreTake  queue.o
    0x08003bce   0x08003bce   0x0000005c   Code   RO         1597    .text.xTaskCheckForTimeOut  tasks.o
    0x08003c2a   0x08003c2a   0x00000024   Code   RO         1611    .text.xTaskGetSchedulerState  tasks.o
    0x08003c4e   0x08003c4e   0x00000002   PAD
    0x08003c50   0x08003c50   0x0000015e   Code   RO         1569    .text.xTaskIncrementTick  tasks.o
    0x08003dae   0x08003dae   0x0000005c   Code   RO         1615    .text.xTaskPriorityDisinherit  tasks.o
    0x08003e0a   0x08003e0a   0x0000008e   Code   RO         1613    .text.xTaskPriorityInherit  tasks.o
    0x08003e98   0x08003e98   0x0000007a   Code   RO         1589    .text.xTaskRemoveFromEventList  tasks.o
    0x08003f12   0x08003f12   0x00000002   PAD
    0x08003f14   0x08003f14   0x00000126   Code   RO         1543    .text.xTaskResumeAll  tasks.o
    0x0800403a   0x0800403a   0x0000001a   Code   RO         1847    x$fpl$fpinit        fz_wm.l(fpinit.o)
    0x08004054   0x08004054   0x00000010   Data   RO         1325    .rodata.AHBPrescTable  system_stm32f4xx.o
    0x08004064   0x08004064   0x00000008   Data   RO         1326    .rodata.APBPrescTable  system_stm32f4xx.o
    0x0800406c   0x0800406c   0x00000008   Data   RO          640    .rodata.cst8        stm32f4xx_hal_dma.o
    0x08004074   0x08004074   0x0000001c   Data   RO          208    .rodata.ov2640_rgb565_reg_tbl  ov2640.o
    0x08004090   0x08004090   0x00000162   Data   RO          205    .rodata.ov2640_svga_init_reg_tbl  ov2640.o
    0x080041f2   0x080041f2   0x00000002   PAD
    0x080041f4   0x080041f4   0x00000040   Data   RO         1908    Region$$Table       anon$$obj.o


    Execution Region RW_IRAM2 (Exec base: 0x10000000, Load base: 0x08004238, Size: 0x0000e5c8, Max: 0x0000ffff, ABSOLUTE, COMPRESSED[0x000001c8])

    Exec Addr    Load Addr    Size         Type   Attr      Idx    E Section Name        Object

    0x10000000   COMPRESSED   0x0000d240   Data   RW           61    .ARM.__at_0x10000000  imageprocess.o
    0x1000d240   COMPRESSED   0x00000960   Data   RW           62    .ARM.__at_0x1000d240  imageprocess.o
    0x1000dba0   COMPRESSED   0x00000004   Data   RW         1417    .data.uxCriticalNesting  port.o
    0x1000dba4   COMPRESSED   0x00000004   PAD
    0x1000dba8        -       0x00000004   Zero   RW         1635    .bss.pxCurrentTCB   tasks.o
    0x1000dbac        -       0x00000004   Zero   RW         1642    .bss.pxDelayedTaskList  tasks.o
    0x1000dbb0        -       0x00000004   Zero   RW         1439    .bss.pxEnd          heap_4.o
    0x1000dbb4        -       0x00000004   Zero   RW         1643    .bss.pxOverflowDelayedTaskList  tasks.o
    0x1000dbb8        -       0x00000460   Zero   RW         1645    .bss.pxReadyTasksLists  tasks.o
    0x1000e018        -       0x00000400   Zero   RW         1444    .bss.ucHeap         heap_4.o
    0x1000e418        -       0x00000004   Zero   RW         1639    .bss.uxCurrentNumberOfTasks  tasks.o
    0x1000e41c        -       0x00000004   Zero   RW         1652    .bss.uxPendedTicks  tasks.o
    0x1000e420        -       0x00000004   Zero   RW         1647    .bss.uxSchedulerSuspended  tasks.o
    0x1000e424        -       0x00000004   Zero   RW         1646    .bss.uxTopReadyPriority  tasks.o
    0x1000e428        -       0x00000001   Zero   RW         1440    .bss.xBlockAllocatedBit  heap_4.o
    0x1000e429   COMPRESSED   0x00000003   PAD
    0x1000e42c        -       0x00000004   Zero   RW         1441    .bss.xFreeBytesRemaining  heap_4.o
    0x1000e430        -       0x00000004   Zero   RW         1443    .bss.xMinimumEverFreeBytesRemaining  heap_4.o
    0x1000e434        -       0x00000004   Zero   RW         1650    .bss.xNextTaskUnblockTime  tasks.o
    0x1000e438        -       0x00000004   Zero   RW         1653    .bss.xNumOfOverflows  tasks.o
    0x1000e43c        -       0x00000014   Zero   RW         1648    .bss.xPendingReadyList  tasks.o
    0x1000e450        -       0x00000004   Zero   RW         1640    .bss.xSchedulerRunning  tasks.o
    0x1000e454        -       0x00000008   Zero   RW         1442    .bss.xStart         heap_4.o
    0x1000e45c        -       0x00000014   Zero   RW         1644    .bss.xSuspendedTaskList  tasks.o
    0x1000e470        -       0x00000004   Zero   RW         1641    .bss.xTickCount     tasks.o
    0x1000e474        -       0x00000004   Zero   RW         1651    .bss.xYieldPending  tasks.o
    0x1000e478        -       0x00000050   Zero   RW         1311    HEAP                startup_stm32f407xx.o
    0x1000e4c8        -       0x00000100   Zero   RW         1310    STACK               startup_stm32f407xx.o


    Execution Region RW_IRAM1 (Exec base: 0x20000000, Load base: 0x08004400, Size: 0x0001a830, Max: 0x0001bfff, ABSOLUTE, COMPRESSED[0x0000035c])

    Exec Addr    Load Addr    Size         Type   Attr      Idx    E Section Name        Object

    0x20000000   COMPRESSED   0x0001a480   Data   RW           60    .ARM.__at_0x20000000  imageprocess.o
    0x2001a480   COMPRESSED   0x00000004   Data   RW          141    .data.LCD           lcd.o
    0x2001a484   COMPRESSED   0x00000004   Data   RW         1324    .data.SystemCoreClock  system_stm32f4xx.o
    0x2001a488   COMPRESSED   0x00000001   Data   RW          499    .data.uwTickFreq    stm32f4xx_hal.o
    0x2001a489   COMPRESSED   0x00000003   PAD
    0x2001a48c        -       0x00000060   Zero   RW         1775    .bss                c_w.l(libspace.o)
    0x2001a4ec        -       0x00000001   Zero   RW          147    .bss.FSMC_Initialized  lcd.o
    0x2001a4ed   COMPRESSED   0x00000001   PAD
    0x2001a4ee        -       0x00000002   Zero   RW          142    .bss.POINT_COLOR    lcd.o
    0x2001a4f0        -       0x00000190   Zero   RW          261    .bss.clib_mutex_cb  clib_arm.o
    0x2001a680        -       0x00000014   Zero   RW          260    .bss.clib_mutex_id  clib_arm.o
    0x2001a694        -       0x00000040   Zero   RW          204    .bss.hdcmi          ov2640.o
    0x2001a6d4        -       0x00000060   Zero   RW          203    .bss.hdma_dcmi      ov2640.o
    0x2001a734        -       0x00000058   Zero   RW          145    .bss.hspi2          lcd.o
    0x2001a78c        -       0x00000050   Zero   RW          146    .bss.hsram1         lcd.o
    0x2001a7dc        -       0x0000003c   Zero   RW           40    .bss.htim8          timebase.o
    0x2001a818        -       0x00000010   Zero   RW          144    .bss.lcddev         lcd.o
    0x2001a828        -       0x00000001   Zero   RW          262    .bss.os_kernel_is_active.os_kernel_active  clib_arm.o
    0x2001a829   COMPRESSED   0x00000003   PAD
    0x2001a82c        -       0x00000004   Zero   RW          500    .bss.uwTick         stm32f4xx_hal.o


    Execution Region RW_IRAM3 (Exec base: 0x2001c000, Load base: 0x08004400, Size: 0x00000000, Max: 0x00003fff, ABSOLUTE)

    **** No section assigned to this execution region ****


==============================================================================

Image component sizes


      Code (inc. data)   RO Data    RW Data    ZI Data      Debug   Object Name

       238          0          0          0        421       3465   clib_arm.o
        32          0          0          0          0      40727   cmsis_os2.o
       504          0          0          0       1045       3182   heap_4.o
       870          0          0     163872          0       4370   imageprocess.o
        24          0          0          0          0        427   irqhandler.o
      1840          4          0          4        187      31715   lcd.o
       138          0          0          0          0       2170   list.o
       636          4          0          0          0       4206   main.o
      1278          0        382          0        160      12754   ov2640.o
       240          8          0          4          0       2889   port.o
      1188          0          0          0          0      18337   queue.o
      1222          0          0          0          0       5917   sccb.o
        64         26        392          0        336        868   startup_stm32f407xx.o
       134          0          0          1          4       7178   stm32f4xx_hal.o
       154          0          0          0          0       9928   stm32f4xx_hal_cortex.o
       356          0          0          0          0       7572   stm32f4xx_hal_dcmi.o
       112          0          0          0          0       3582   stm32f4xx_hal_dcmi_ex.o
       504          4          8          0          0       8747   stm32f4xx_hal_dma.o
       794          0          0          0          0       4384   stm32f4xx_hal_dma_ex.o
       422          0          0          0          0       5035   stm32f4xx_hal_gpio.o
      1302          0          0          0          0       7224   stm32f4xx_hal_rcc.o
       132          0          0          0          0      20443   stm32f4xx_hal_spi.o
        86          0          0          0          0       7669   stm32f4xx_hal_sram.o
       724          0          0          0          0      39086   stm32f4xx_hal_tim.o
         4          0          0          0          0      14994   stm32f4xx_hal_tim_ex.o
       246          0          0          0          0       7295   stm32f4xx_ll_fsmc.o
        88          0         24          4          0       2685   system_stm32f4xx.o
      1644          0          0          0       1208      25134   tasks.o
       152          0          0          0         60       6861   timebase.o

    ----------------------------------------------------------------------
     15176         46        872     163888       3432     308844   Object Totals
         0          0         64          0          0          0   (incl. Generated)
        48          0          2          3         11          0   (incl. Padding)

    ----------------------------------------------------------------------

      Code (inc. data)   RO Data    RW Data    ZI Data      Debug   Library Member Name

        58          0          0          0          0          0   __dczerorl.o
         8          0          0          0          0         68   __main.o
         0          0          0          0          0          0   __rtentry.o
        20          0          0          0          0          0   __rtentry2.o
         6          0          0          0          0          0   __rtentry4.o
        52          8          0          0          0          0   __scatter.o
        28          0          0          0          0          0   __scatter_zi.o
        18          0          0          0          0         80   exit.o
         6          0          0          0          0        152   heapauxi.o
         0          0          0          0          0          0   indicate_semi.o
         2          0          0          0          0          0   libinit.o
         6          0          0          0          0          0   libinit2.o
         2          0          0          0          0          0   libshutdown.o
         2          0          0          0          0          0   libshutdown2.o
         8          4          0          0         96         68   libspace.o
       238          0          0          0          0        100   lludivv7m.o
        78          0          0          0          0         80   rt_memclr_w.o
       138          0          0          0          0         68   rt_memcpy_v6.o
       100          0          0          0          0         80   rt_memcpy_w.o
         2          0          0          0          0          0   rtexit.o
        10          0          0          0          0          0   rtexit2.o
        12          4          0          0          0         68   sys_exit.o
        74          0          0          0          0         80   sys_stackheap_outer.o
         2          0          0          0          0         68   use_no_semi.o
        26          0          0          0          0        116   fpinit.o

    ----------------------------------------------------------------------
       900         16          0          0         96       1028   Library Totals
         4          0          0          0          0          0   (incl. Padding)

    ----------------------------------------------------------------------

      Code (inc. data)   RO Data    RW Data    ZI Data      Debug   Library Name

       870         16          0          0         96        912   c_w.l
        26          0          0          0          0        116   fz_wm.l

    ----------------------------------------------------------------------
       900         16          0          0         96       1028   Library Totals

    ----------------------------------------------------------------------

==============================================================================


      Code (inc. data)   RO Data    RW Data    ZI Data      Debug   

     16076         62        872     163888       3528     309076   Grand Totals
     16076         62        872       1316       3528     309076   ELF Image Totals (compressed)
     16076         62        872       1316          0          0   ROM Totals

==============================================================================

    Total RO  Size (Code + RO Data)                16948 (  16.55kB)
    Total RW  Size (RW Data + ZI Data)            167416 ( 163.49kB)
    Total ROM Size (Code + RO Data + RW Data)      18264 (  17.84kB)

==============================================================================

